
 Start Length Name Class
 0001:00401000 0000C2AECH _TEXT                  CODE
 0002:004C4000 000099F9CH _DATA                  DATA
 0003:0055DF9C 000009B78H _BSS                   BSS
 0004:00000000 00000009CH _TLS                   TLS


Detailed map of segments
 0001:000002E8 0000014F C=CODE    S=_TEXT    G=(none)   M=C:\BCC56\LIB\C0W32.OBJ ACBP=A9
 0001:00000438 00000258 C=CODE    S=_TEXT    G=(none)   M=C:\SISTEMAS FIVEWIN\FAST REPORT\DEMO_FWH.OBJ ACBP=A9
 0001:00000690 0000130F C=CODE    S=_TEXT    G=(none)   M=C:\SISTEMAS FIVEWIN\FAST REPORT\FASTREPH.OBJ ACBP=A9
 0001:000019A0 000000FB C=CODE    S=_TEXT    G=(none)   M=C:\FWH804\LIB\FIVEHX.LIB|ACTIVEX ACBP=A9
 0001:00001A9C 00000083 C=CODE    S=_TEXT    G=(none)   M=C:\FWH804\LIB\FIVEHX.LIB|ALERT ACBP=A9
 0001:00001B20 0000024E C=CODE    S=_TEXT    G=(none)   M=C:\FWH804\LIB\FIVEHX.LIB|BAR ACBP=A9
 0001:00001D70 0000030E C=CODE    S=_TEXT    G=(none)   M=C:\FWH804\LIB\FIVEHX.LIB|BITMAP ACBP=A9
 0001:00002080 000000B3 C=CODE    S=_TEXT    G=(none)   M=C:\FWH804\LIB\FIVEHX.LIB|BRUSH ACBP=A9
 0001:00002134 0000012B C=CODE    S=_TEXT    G=(none)   M=C:\FWH804\LIB\FIVEHX.LIB|BUTTON ACBP=A9
 0001:00002260 00000143 C=CODE    S=_TEXT    G=(none)   M=C:\FWH804\LIB\FIVEHX.LIB|CHECKBOX ACBP=A9
 0001:000023A4 0000012B C=CODE    S=_TEXT    G=(none)   M=C:\FWH804\LIB\FIVEHX.LIB|CLIPBRD ACBP=A9
 0001:000024D0 00000296 C=CODE    S=_TEXT    G=(none)   M=C:\FWH804\LIB\FIVEHX.LIB|COMBOBOX ACBP=A9
 0001:00002768 0000009B C=CODE    S=_TEXT    G=(none)   M=C:\FWH804\LIB\FIVEHX.LIB|CURSOR ACBP=A9
 0001:00002804 000000E3 C=CODE    S=_TEXT    G=(none)   M=C:\FWH804\LIB\FIVEHX.LIB|DDE ACBP=A9
 0001:000028E8 000002C6 C=CODE    S=_TEXT    G=(none)   M=C:\FWH804\LIB\FIVEHX.LIB|DIALOG ACBP=A9
 0001:00002BB0 000000B3 C=CODE    S=_TEXT    G=(none)   M=C:\FWH804\LIB\FIVEHX.LIB|DLGFIND ACBP=A9
 0001:00002C64 00000263 C=CODE    S=_TEXT    G=(none)   M=C:\FWH804\LIB\FIVEHX.LIB|FILENAME ACBP=A9
 0001:00002EC8 000000FB C=CODE    S=_TEXT    G=(none)   M=C:\FWH804\LIB\FIVEHX.LIB|FONT ACBP=A9
 0001:00002FC4 0000006B C=CODE    S=_TEXT    G=(none)   M=C:\FWH804\LIB\FIVEHX.LIB|FWERROR ACBP=A9
 0001:00003030 000000B3 C=CODE    S=_TEXT    G=(none)   M=C:\FWH804\LIB\FIVEHX.LIB|GETTASKS ACBP=A9
 0001:000030E4 00000113 C=CODE    S=_TEXT    G=(none)   M=C:\FWH804\LIB\FIVEHX.LIB|GETSYSIN ACBP=A9
 0001:000031F8 000002C3 C=CODE    S=_TEXT    G=(none)   M=C:\FWH804\LIB\FIVEHX.LIB|HARBOUR ACBP=A9
 0001:000034BC 0000012B C=CODE    S=_TEXT    G=(none)   M=C:\FWH804\LIB\FIVEHX.LIB|ICON ACBP=A9
 0001:000035E8 000000E3 C=CODE    S=_TEXT    G=(none)   M=C:\FWH804\LIB\FIVEHX.LIB|INI ACBP=A9
 0001:000036CC 00000266 C=CODE    S=_TEXT    G=(none)   M=C:\FWH804\LIB\FIVEHX.LIB|listbox ACBP=A9
 0001:00003934 0000012E C=CODE    S=_TEXT    G=(none)   M=C:\FWH804\LIB\FIVEHX.LIB|MDICHILD ACBP=A9
 0001:00003A64 0000012B C=CODE    S=_TEXT    G=(none)   M=C:\FWH804\LIB\FIVEHX.LIB|MDICLIEN ACBP=A9
 0001:00003B90 000002C6 C=CODE    S=_TEXT    G=(none)   M=C:\FWH804\LIB\FIVEHX.LIB|MENU ACBP=A9
 0001:00003E58 0000015B C=CODE    S=_TEXT    G=(none)   M=C:\FWH804\LIB\FIVEHX.LIB|MENUITEM ACBP=A9
 0001:00003FB4 00000326 C=CODE    S=_TEXT    G=(none)   M=C:\FWH804\LIB\FIVEHX.LIB|MGET ACBP=A9
 0001:000042DC 0000009B C=CODE    S=_TEXT    G=(none)   M=C:\FWH804\LIB\FIVEHX.LIB|MSGRUN ACBP=A9
 0001:00004378 000000CB C=CODE    S=_TEXT    G=(none)   M=C:\FWH804\LIB\FIVEHX.LIB|PDMENU ACBP=A9
 0001:00004444 000000B3 C=CODE    S=_TEXT    G=(none)   M=C:\FWH804\LIB\FIVEHX.LIB|PDREPORT ACBP=A9
 0001:000044F8 00000083 C=CODE    S=_TEXT    G=(none)   M=C:\FWH804\LIB\FIVEHX.LIB|PEN ACBP=A9
 0001:0000457C 000002F6 C=CODE    S=_TEXT    G=(none)   M=C:\FWH804\LIB\FIVEHX.LIB|PRINTER ACBP=A9
 0001:00004874 00000143 C=CODE    S=_TEXT    G=(none)   M=C:\FWH804\LIB\FIVEHX.LIB|RADIO ACBP=A9
 0001:000049B8 00000143 C=CODE    S=_TEXT    G=(none)   M=C:\FWH804\LIB\FIVEHX.LIB|RADMENU ACBP=A9
 0001:00004AFC 0000009B C=CODE    S=_TEXT    G=(none)   M=C:\FWH804\LIB\FIVEHX.LIB|REBAR ACBP=A9
 0001:00004B98 000000B3 C=CODE    S=_TEXT    G=(none)   M=C:\FWH804\LIB\FIVEHX.LIB|RFILE ACBP=A9
 0001:00004C4C 000000E3 C=CODE    S=_TEXT    G=(none)   M=C:\FWH804\LIB\FIVEHX.LIB|RGROUP ACBP=A9
 0001:00004D30 000000FB C=CODE    S=_TEXT    G=(none)   M=C:\FWH804\LIB\FIVEHX.LIB|RLINE ACBP=A9
 0001:00004E2C 00000083 C=CODE    S=_TEXT    G=(none)   M=C:\FWH804\LIB\FIVEHX.LIB|RECT ACBP=A9
 0001:00004EB0 00000143 C=CODE    S=_TEXT    G=(none)   M=C:\FWH804\LIB\FIVEHX.LIB|REG32 ACBP=A9
 0001:00004FF4 0000027E C=CODE    S=_TEXT    G=(none)   M=C:\FWH804\LIB\FIVEHX.LIB|RPREVIEW ACBP=A9
 0001:00005274 00000143 C=CODE    S=_TEXT    G=(none)   M=C:\FWH804\LIB\FIVEHX.LIB|SAY ACBP=A9
 0001:000053B8 000000FB C=CODE    S=_TEXT    G=(none)   M=C:\FWH804\LIB\FIVEHX.LIB|SCRLLBAR ACBP=A9
 0001:000054B4 00000173 C=CODE    S=_TEXT    G=(none)   M=C:\FWH804\LIB\FIVEHX.LIB|STATUSBA ACBP=A9
 0001:00005628 000000E3 C=CODE    S=_TEXT    G=(none)   M=C:\FWH804\LIB\FIVEHX.LIB|TACCTBL ACBP=A9
 0001:0000570C 00000083 C=CODE    S=_TEXT    G=(none)   M=C:\FWH804\LIB\FIVEHX.LIB|TCLIPGET ACBP=A9
 0001:00005790 00000143 C=CODE    S=_TEXT    G=(none)   M=C:\FWH804\LIB\FIVEHX.LIB|TOOLBAR ACBP=A9
 0001:000058D4 000000CB C=CODE    S=_TEXT    G=(none)   M=C:\FWH804\LIB\FIVEHX.LIB|TIMAGLST ACBP=A9
 0001:000059A0 000000CB C=CODE    S=_TEXT    G=(none)   M=C:\FWH804\LIB\FIVEHX.LIB|TIMER ACBP=A9
 0001:00005A6C 000001D3 C=CODE    S=_TEXT    G=(none)   M=C:\FWH804\LIB\FIVEHX.LIB|TMETAFIL ACBP=A9
 0001:00005C40 000000E3 C=CODE    S=_TEXT    G=(none)   M=C:\FWH804\LIB\FIVEHX.LIB|TMSGITEM ACBP=A9
 0001:00005D24 000000FB C=CODE    S=_TEXT    G=(none)   M=C:\FWH804\LIB\FIVEHX.LIB|TStruct ACBP=A9
 0001:00005E20 00000083 C=CODE    S=_TEXT    G=(none)   M=C:\FWH804\LIB\FIVEHX.LIB|VALBLANK ACBP=A9
 0001:00005EA4 0000009B C=CODE    S=_TEXT    G=(none)   M=C:\FWH804\LIB\FIVEHX.LIB|XPAD ACBP=A9
 0001:00005F40 0000045E C=CODE    S=_TEXT    G=(none)   M=C:\FWH804\LIB\FIVEHX.LIB|TGET ACBP=A9
 0001:000063A0 000000E3 C=CODE    S=_TEXT    G=(none)   M=C:\FWH804\LIB\FIVEHX.LIB|ERRSYSW ACBP=A9
 0001:00006484 000009B6 C=CODE    S=_TEXT    G=(none)   M=C:\FWH804\LIB\FIVEHX.LIB|WINDOW ACBP=A9
 0001:00006E3C 00000113 C=CODE    S=_TEXT    G=(none)   M=C:\FWH804\LIB\FIVEHX.LIB|MDIFRAME ACBP=A9
 0001:00006F50 00000266 C=CODE    S=_TEXT    G=(none)   M=C:\FWH804\LIB\FIVEHX.LIB|BTNBMP ACBP=A9
 0001:000071B8 00000113 C=CODE    S=_TEXT    G=(none)   M=C:\FWH804\LIB\FIVEHX.LIB|HELP32 ACBP=A9
 0001:000072CC 00000536 C=CODE    S=_TEXT    G=(none)   M=C:\FWH804\LIB\FIVEHX.LIB|WBROWSE ACBP=A9
 0001:00007804 00000266 C=CODE    S=_TEXT    G=(none)   M=C:\FWH804\LIB\FIVEHX.LIB|MSGBAR ACBP=A9
 0001:00007A6C 0000012B C=CODE    S=_TEXT    G=(none)   M=C:\FWH804\LIB\FIVEHX.LIB|RCOLUMN ACBP=A9
 0001:00007B98 000002C6 C=CODE    S=_TEXT    G=(none)   M=C:\FWH804\LIB\FIVEHX.LIB|REPORT ACBP=A9
 0001:00007E60 000003E6 C=CODE    S=_TEXT    G=(none)   M=C:\FWH804\LIB\FIVEHX.LIB|CONTROL ACBP=A9
 0001:00008248 000002F8 C=CODE    S=_TEXT    G=(none)   M=C:\FWH804\LIB\FIVEHX.LIB|HELPCHM ACBP=A9
 0001:00008540 000018B8 C=CODE    S=_TEXT    G=(none)   M=C:\FWH804\LIB\FIVEHC.LIB|ACTX ACBP=A9
 0001:00009DF8 000001B7 C=CODE    S=_TEXT    G=(none)   M=C:\FWH804\LIB\FIVEHC.LIB|ACCELERA ACBP=A9
 0001:00009FB0 000000F4 C=CODE    S=_TEXT    G=(none)   M=C:\FWH804\LIB\FIVEHC.LIB|ANSIUP ACBP=A9
 0001:0000A0A4 00000071 C=CODE    S=_TEXT    G=(none)   M=C:\FWH804\LIB\FIVEHC.LIB|ATOM ACBP=A9
 0001:0000A118 00000391 C=CODE    S=_TEXT    G=(none)   M=C:\FWH804\LIB\FIVEHC.LIB|BARTOOLS ACBP=A9
 0001:0000A4AC 00000B82 C=CODE    S=_TEXT    G=(none)   M=C:\FWH804\LIB\FIVEHC.LIB|BMPDRAW ACBP=A9
 0001:0000B030 00000157 C=CODE    S=_TEXT    G=(none)   M=C:\FWH804\LIB\FIVEHC.LIB|BMPREAD ACBP=A9
 0001:0000B188 0000102E C=CODE    S=_TEXT    G=(none)   M=C:\FWH804\LIB\FIVEHC.LIB|BRUSHES ACBP=A9
 0001:0000C1B8 00000567 C=CODE    S=_TEXT    G=(none)   M=C:\FWH804\LIB\FIVEHC.LIB|CALLDLL ACBP=A9
 0001:0000C720 0000023D C=CODE    S=_TEXT    G=(none)   M=C:\FWH804\LIB\FIVEHC.LIB|CALDLL32 ACBP=A9
 0001:0000C960 000000B3 C=CODE    S=_TEXT    G=(none)   M=C:\FWH804\LIB\FIVEHC.LIB|CARET ACBP=A9
 0001:0000CA14 00000068 C=CODE    S=_TEXT    G=(none)   M=C:\FWH804\LIB\FIVEHC.LIB|CHANGEPR ACBP=A9
 0001:0000CA7C 00000192 C=CODE    S=_TEXT    G=(none)   M=C:\FWH804\LIB\FIVEHC.LIB|CLPBRD ACBP=A9
 0001:0000CC10 00000136 C=CODE    S=_TEXT    G=(none)   M=C:\FWH804\LIB\FIVEHC.LIB|CLRCHOOS ACBP=A9
 0001:0000CD48 00000104 C=CODE    S=_TEXT    G=(none)   M=C:\FWH804\LIB\FIVEHC.LIB|CLT2SCR ACBP=A9
 0001:0000CE4C 000000F7 C=CODE    S=_TEXT    G=(none)   M=C:\FWH804\LIB\FIVEHC.LIB|COLOR ACBP=A9
 0001:0000CF44 000002A7 C=CODE    S=_TEXT    G=(none)   M=C:\FWH804\LIB\FIVEHC.LIB|COLORTON ACBP=A9
 0001:0000D1EC 0000002C C=CODE    S=_TEXT    G=(none)   M=C:\FWH804\LIB\FIVEHC.LIB|CREATEPA ACBP=A9
 0001:0000D218 0000002C C=CODE    S=_TEXT    G=(none)   M=C:\FWH804\LIB\FIVEHC.LIB|CREATEPE ACBP=A9
 0001:0000D244 00000061 C=CODE    S=_TEXT    G=(none)   M=C:\FWH804\LIB\FIVEHC.LIB|CREATESO ACBP=A9
 0001:0000D2A8 000000D3 C=CODE    S=_TEXT    G=(none)   M=C:\FWH804\LIB\FIVEHC.LIB|CREATWND ACBP=A9
 0001:0000D37C 00000301 C=CODE    S=_TEXT    G=(none)   M=C:\FWH804\LIB\FIVEHC.LIB|CTL3D ACBP=A9
 0001:0000D680 00002B2D C=CODE    S=_TEXT    G=(none)   M=C:\FWH804\LIB\FIVEHC.LIB|CTLHDLEH ACBP=A9
 0001:000101B0 00000676 C=CODE    S=_TEXT    G=(none)   M=C:\FWH804\LIB\FIVEHC.LIB|CTRLDRAW ACBP=A9
 0001:00010828 000001E0 C=CODE    S=_TEXT    G=(none)   M=C:\FWH804\LIB\FIVEHC.LIB|CTRL2CHR ACBP=A9
 0001:00010A08 000009DE C=CODE    S=_TEXT    G=(none)   M=C:\FWH804\LIB\FIVEHC.LIB|CURSORS ACBP=A9
 0001:000113E8 000003DB C=CODE    S=_TEXT    G=(none)   M=C:\FWH804\LIB\FIVEHC.LIB|DC ACBP=A9
 0001:000117C4 0000007A C=CODE    S=_TEXT    G=(none)   M=C:\FWH804\LIB\FIVEHC.LIB|DDEXC ACBP=A9
 0001:00011840 00000056 C=CODE    S=_TEXT    G=(none)   M=C:\FWH804\LIB\FIVEHC.LIB|DELOBJEC ACBP=A9
 0001:00011898 00000491 C=CODE    S=_TEXT    G=(none)   M=C:\FWH804\LIB\FIVEHC.LIB|DIB ACBP=A9
 0001:00011D2C 0000029A C=CODE    S=_TEXT    G=(none)   M=C:\FWH804\LIB\FIVEHC.LIB|DIBBMP ACBP=A9
 0001:00011FC8 00000378 C=CODE    S=_TEXT    G=(none)   M=C:\FWH804\LIB\FIVEHC.LIB|DLGBOX ACBP=A9
 0001:00012340 00000238 C=CODE    S=_TEXT    G=(none)   M=C:\FWH804\LIB\FIVEHC.LIB|DLG2CHR ACBP=A9
 0001:00012578 00000034 C=CODE    S=_TEXT    G=(none)   M=C:\FWH804\LIB\FIVEHC.LIB|DLL ACBP=A9
 0001:000125AC 000002B5 C=CODE    S=_TEXT    G=(none)   M=C:\FWH804\LIB\FIVEHC.LIB|DOTS ACBP=A9
 0001:00012864 0000066A C=CODE    S=_TEXT    G=(none)   M=C:\FWH804\LIB\FIVEHC.LIB|DRAWING ACBP=A9
 0001:00012ED0 00000109 C=CODE    S=_TEXT    G=(none)   M=C:\FWH804\LIB\FIVEHC.LIB|DRAWITEM ACBP=A9
 0001:00012FDC 00000308 C=CODE    S=_TEXT    G=(none)   M=C:\FWH804\LIB\FIVEHC.LIB|DRIVES ACBP=A9
 0001:000132E4 000000D0 C=CODE    S=_TEXT    G=(none)   M=C:\FWH804\LIB\FIVEHC.LIB|DROPFILE ACBP=A9
 0001:000133B4 000000A5 C=CODE    S=_TEXT    G=(none)   M=C:\FWH804\LIB\FIVEHC.LIB|FINDTEXT ACBP=A9
 0001:0001345C 00000651 C=CODE    S=_TEXT    G=(none)   M=C:\FWH804\LIB\FIVEHC.LIB|FONTS ACBP=A9
 0001:00013AB0 000002AE C=CODE    S=_TEXT    G=(none)   M=C:\FWH804\LIB\FIVEHC.LIB|FTEXT ACBP=A9
 0001:00013D60 00000552 C=CODE    S=_TEXT    G=(none)   M=C:\FWH804\LIB\FIVEHC.LIB|FWARRAY ACBP=A9
 0001:000142B4 0000135B C=CODE    S=_TEXT    G=(none)   M=C:\FWH804\LIB\FIVEHC.LIB|FWBMP ACBP=A9
 0001:00015610 00000197 C=CODE    S=_TEXT    G=(none)   M=C:\FWH804\LIB\FIVEHC.LIB|FFDLGPRC ACBP=A9
 0001:000157A8 00000541 C=CODE    S=_TEXT    G=(none)   M=C:\FWH804\LIB\FIVEHC.LIB|FWPALCTL ACBP=A9
 0001:00015CEC 0000010C C=CODE    S=_TEXT    G=(none)   M=C:\FWH804\LIB\FIVEHC.LIB|FFWNDRUN ACBP=A9
 0001:00015DF8 0000006C C=CODE    S=_TEXT    G=(none)   M=C:\FWH804\LIB\FIVEHC.LIB|GETDLGIT ACBP=A9
 0001:00015E64 0000049F C=CODE    S=_TEXT    G=(none)   M=C:\FWH804\LIB\FIVEHC.LIB|GETFILE ACBP=A9
 0001:00016304 000000E9 C=CODE    S=_TEXT    G=(none)   M=C:\FWH804\LIB\FIVEHC.LIB|GETPROCA ACBP=A9
 0001:000163F0 0000005E C=CODE    S=_TEXT    G=(none)   M=C:\FWH804\LIB\FIVEHC.LIB|GETSTKOB ACBP=A9
 0001:00016450 000000F4 C=CODE    S=_TEXT    G=(none)   M=C:\FWH804\LIB\FIVEHC.LIB|GETTEXT ACBP=A9
 0001:00016544 00000105 C=CODE    S=_TEXT    G=(none)   M=C:\FWH804\LIB\FIVEHC.LIB|GETTEXTW ACBP=A9
 0001:0001664C 000000C4 C=CODE    S=_TEXT    G=(none)   M=C:\FWH804\LIB\FIVEHC.LIB|GETWND ACBP=A9
 0001:00016710 000004AA C=CODE    S=_TEXT    G=(none)   M=C:\FWH804\LIB\FIVEHC.LIB|HANDLIST ACBP=A9
 0001:00016BBC 0000025C C=CODE    S=_TEXT    G=(none)   M=C:\FWH804\LIB\FIVEHC.LIB|HARBOURC ACBP=A9
 0001:00016E18 00000279 C=CODE    S=_TEXT    G=(none)   M=C:\FWH804\LIB\FIVEHC.LIB|HELP ACBP=A9
 0001:00017094 000000B8 C=CODE    S=_TEXT    G=(none)   M=C:\FWH804\LIB\FIVEHC.LIB|HILOWORD ACBP=A9
 0001:0001714C 0000053D C=CODE    S=_TEXT    G=(none)   M=C:\FWH804\LIB\FIVEHC.LIB|ICONS ACBP=A9
 0001:0001768C 000001FF C=CODE    S=_TEXT    G=(none)   M=C:\FWH804\LIB\FIVEHC.LIB|IMAGELIS ACBP=A9
 0001:0001788C 0000011E C=CODE    S=_TEXT    G=(none)   M=C:\FWH804\LIB\FIVEHC.LIB|INSTANCE ACBP=A9
 0001:000179AC 0000016A C=CODE    S=_TEXT    G=(none)   M=C:\FWH804\LIB\FIVEHC.LIB|KEYBRD ACBP=A9
 0001:00017B18 0000011F C=CODE    S=_TEXT    G=(none)   M=C:\FWH804\LIB\FIVEHC.LIB|LBX ACBP=A9
 0001:00017C38 00000055 C=CODE    S=_TEXT    G=(none)   M=C:\FWH804\LIB\FIVEHC.LIB|LOADBMP ACBP=A9
 0001:00017C90 00000034 C=CODE    S=_TEXT    G=(none)   M=C:\FWH804\LIB\FIVEHC.LIB|MAKELONG ACBP=A9
 0001:00017CC4 000001D5 C=CODE    S=_TEXT    G=(none)   M=C:\FWH804\LIB\FIVEHC.LIB|MDI ACBP=A9
 0001:00017E9C 000001D3 C=CODE    S=_TEXT    G=(none)   M=C:\FWH804\LIB\FIVEHC.LIB|MEM ACBP=A9
 0001:00018070 000006F4 C=CODE    S=_TEXT    G=(none)   M=C:\FWH804\LIB\FIVEHC.LIB|MENUS ACBP=A9
 0001:00018764 00000336 C=CODE    S=_TEXT    G=(none)   M=C:\FWH804\LIB\FIVEHC.LIB|METAFILE ACBP=A9
 0001:00018A9C 00000222 C=CODE    S=_TEXT    G=(none)   M=C:\FWH804\LIB\FIVEHC.LIB|METAFI32 ACBP=A9
 0001:00018CC0 000000A4 C=CODE    S=_TEXT    G=(none)   M=C:\FWH804\LIB\FIVEHC.LIB|MGETCREA ACBP=A9
 0001:00018D64 0000006A C=CODE    S=_TEXT    G=(none)   M=C:\FWH804\LIB\FIVEHC.LIB|MOVETO ACBP=A9
 0001:00018DD0 0000001F C=CODE    S=_TEXT    G=(none)   M=C:\FWH804\LIB\FIVEHC.LIB|MSGBEEP ACBP=A9
 0001:00018DF0 00000862 C=CODE    S=_TEXT    G=(none)   M=C:\FWH804\LIB\FIVEHC.LIB|MSGS ACBP=A9
 0001:00019654 000000DB C=CODE    S=_TEXT    G=(none)   M=C:\FWH804\LIB\FIVEHC.LIB|MSGSAPI ACBP=A9
 0001:00019730 000003C4 C=CODE    S=_TEXT    G=(none)   M=C:\FWH804\LIB\FIVEHC.LIB|MSGTOOLS ACBP=A9
 0001:00019AF4 00000041 C=CODE    S=_TEXT    G=(none)   M=C:\FWH804\LIB\FIVEHC.LIB|NOTIFY ACBP=A9
 0001:00019B38 000001C3 C=CODE    S=_TEXT    G=(none)   M=C:\FWH804\LIB\FIVEHC.LIB|OEMANSI ACBP=A9
 0001:00019CFC 00000E21 C=CODE    S=_TEXT    G=(none)   M=C:\FWH804\LIB\FIVEHC.LIB|ole ACBP=A9
 0001:0001AB20 000001F5 C=CODE    S=_TEXT    G=(none)   M=C:\FWH804\LIB\FIVEHC.LIB|OR ACBP=A9
 0001:0001AD18 00000058 C=CODE    S=_TEXT    G=(none)   M=C:\FWH804\LIB\FIVEHC.LIB|PAINT ACBP=A9
 0001:0001AD70 0000005C C=CODE    S=_TEXT    G=(none)   M=C:\FWH804\LIB\FIVEHC.LIB|PEEKMSG ACBP=A9
 0001:0001ADCC 00000BDD C=CODE    S=_TEXT    G=(none)   M=C:\FWH804\LIB\FIVEHC.LIB|PRINTDC ACBP=A9
 0001:0001B9AC 0000020D C=CODE    S=_TEXT    G=(none)   M=C:\FWH804\LIB\FIVEHC.LIB|PROFILE ACBP=A9
 0001:0001BBBC 000000D3 C=CODE    S=_TEXT    G=(none)   M=C:\FWH804\LIB\FIVEHC.LIB|REBARS ACBP=A9
 0001:0001BC90 00000629 C=CODE    S=_TEXT    G=(none)   M=C:\FWH804\LIB\FIVEHC.LIB|RECTS ACBP=A9
 0001:0001C2BC 0000010D C=CODE    S=_TEXT    G=(none)   M=C:\FWH804\LIB\FIVEHC.LIB|REGCLASS ACBP=A9
 0001:0001C3CC 000002CC C=CODE    S=_TEXT    G=(none)   M=C:\FWH804\LIB\FIVEHC.LIB|REGEDIT ACBP=A9
 0001:0001C698 00000343 C=CODE    S=_TEXT    G=(none)   M=C:\FWH804\LIB\FIVEHC.LIB|RESCHECK ACBP=A9
 0001:0001C9DC 000001AB C=CODE    S=_TEXT    G=(none)   M=C:\FWH804\LIB\FIVEHC.LIB|RESOURCE ACBP=A9
 0001:0001CB88 0000015A C=CODE    S=_TEXT    G=(none)   M=C:\FWH804\LIB\FIVEHC.LIB|SCROLL ACBP=A9
 0001:0001CCE4 00000023 C=CODE    S=_TEXT    G=(none)   M=C:\FWH804\LIB\FIVEHC.LIB|SELOBJEC ACBP=A9
 0001:0001CD08 00000057 C=CODE    S=_TEXT    G=(none)   M=C:\FWH804\LIB\FIVEHC.LIB|SETMAPMO ACBP=A9
 0001:0001CD60 00000048 C=CODE    S=_TEXT    G=(none)   M=C:\FWH804\LIB\FIVEHC.LIB|SETTEXT ACBP=A9
 0001:0001CDA8 00000043 C=CODE    S=_TEXT    G=(none)   M=C:\FWH804\LIB\FIVEHC.LIB|STRING ACBP=A9
 0001:0001CDEC 000002C2 C=CODE    S=_TEXT    G=(none)   M=C:\FWH804\LIB\FIVEHC.LIB|STRTOKEN ACBP=A9
 0001:0001D0B0 0000014D C=CODE    S=_TEXT    G=(none)   M=C:\FWH804\LIB\FIVEHC.LIB|SYSREFRE ACBP=A9
 0001:0001D200 0000031C C=CODE    S=_TEXT    G=(none)   M=C:\FWH804\LIB\FIVEHC.LIB|TEXT ACBP=A9
 0001:0001D51C 00000F0C C=CODE    S=_TEXT    G=(none)   M=C:\FWH804\LIB\FIVEHC.LIB|THEMES ACBP=A9
 0001:0001E428 00000069 C=CODE    S=_TEXT    G=(none)   M=C:\FWH804\LIB\FIVEHC.LIB|TIMERS ACBP=A9
 0001:0001E494 000003BC C=CODE    S=_TEXT    G=(none)   M=C:\FWH804\LIB\FIVEHC.LIB|TOOLBARS ACBP=A9
 0001:0001E850 00000127 C=CODE    S=_TEXT    G=(none)   M=C:\FWH804\LIB\FIVEHC.LIB|TOOLTIP ACBP=A9
 0001:0001E978 000003F0 C=CODE    S=_TEXT    G=(none)   M=C:\FWH804\LIB\FIVEHC.LIB|WBRWLINE ACBP=A9
 0001:0001ED68 00000078 C=CODE    S=_TEXT    G=(none)   M=C:\FWH804\LIB\FIVEHC.LIB|WINDOWS ACBP=A9
 0001:0001EDE0 0000024D C=CODE    S=_TEXT    G=(none)   M=C:\FWH804\LIB\FIVEHC.LIB|WINEXEC ACBP=A9
 0001:0001F030 000000AA C=CODE    S=_TEXT    G=(none)   M=C:\FWH804\LIB\FIVEHC.LIB|WMOUSE ACBP=A9
 0001:0001F0DC 000005DD C=CODE    S=_TEXT    G=(none)   M=C:\FWH804\LIB\FIVEHC.LIB|WNDBOXES ACBP=A9
 0001:0001F6BC 000001AB C=CODE    S=_TEXT    G=(none)   M=C:\FWH804\LIB\FIVEHC.LIB|WNDCENTE ACBP=A9
 0001:0001F868 00000033 C=CODE    S=_TEXT    G=(none)   M=C:\FWH804\LIB\FIVEHC.LIB|WNDDESTR ACBP=A9
 0001:0001F89C 0000040D C=CODE    S=_TEXT    G=(none)   M=C:\FWH804\LIB\FIVEHC.LIB|WNDIS ACBP=A9
 0001:0001FCAC 0000007B C=CODE    S=_TEXT    G=(none)   M=C:\FWH804\LIB\FIVEHC.LIB|WNDISOVE ACBP=A9
 0001:0001FD28 00000B44 C=CODE    S=_TEXT    G=(none)   M=C:\FWH804\LIB\FIVEHC.LIB|WNDMOVE ACBP=A9
 0001:0002086C 00000050 C=CODE    S=_TEXT    G=(none)   M=C:\FWH804\LIB\FIVEHC.LIB|WNDPOS ACBP=A9
 0001:000208BC 0000018E C=CODE    S=_TEXT    G=(none)   M=C:\FWH804\LIB\FIVEHC.LIB|WNDPRINT ACBP=A9
 0001:00020A4C 0000016A C=CODE    S=_TEXT    G=(none)   M=C:\FWH804\LIB\FIVEHC.LIB|WNDROWS ACBP=A9
 0001:00020BB8 0000020C C=CODE    S=_TEXT    G=(none)   M=C:\FWH804\LIB\FIVEHC.LIB|WNDRUN ACBP=A9
 0001:00020DC4 000002EC C=CODE    S=_TEXT    G=(none)   M=C:\FWH804\LIB\FIVEHC.LIB|WNDSAY ACBP=A9
 0001:000210B0 00000240 C=CODE    S=_TEXT    G=(none)   M=C:\FWH804\LIB\FIVEHC.LIB|WNDSCROL ACBP=A9
 0001:000212F0 0000003B C=CODE    S=_TEXT    G=(none)   M=C:\FWH804\LIB\FIVEHC.LIB|WNDUPDAT ACBP=A9
 0001:0002132C 0000006D C=CODE    S=_TEXT    G=(none)   M=C:\FWH804\LIB\FIVEHC.LIB|XBPPPROC ACBP=A9
 0001:0002139C 0000007D C=CODE    S=_TEXT    G=(none)   M=C:\FWH804\LIB\FIVEHC.LIB|__WNDPRO ACBP=A9
 0001:00021419 00000085 C=CODE    S=_TEXT    G=(none)   M=C:\FWH804\LIB\FIVEHC.LIB|ANIGIF ACBP=A9
 0001:00021474 00000191 C=CODE    S=_TEXT    G=(none)   M=C:\FWH804\LIB\FIVEHC.LIB|DEVICE ACBP=A9
 0001:00021608 00000178 C=CODE    S=_TEXT    G=(none)   M=C:\XHB804\LIB\RTL.LIB|abs ACBP=A9
 0001:00021780 000002AF C=CODE    S=_TEXT    G=(none)   M=C:\XHB804\LIB\RTL.LIB|at ACBP=A9
 0001:00021A30 000005C8 C=CODE    S=_TEXT    G=(none)   M=C:\XHB804\LIB\RTL.LIB|bkgtsks ACBP=A9
 0001:00021FF8 000001CF C=CODE    S=_TEXT    G=(none)   M=C:\XHB804\LIB\RTL.LIB|binnum ACBP=A9
 0001:000221C8 00001E5E C=CODE    S=_TEXT    G=(none)   M=C:\XHB804\LIB\RTL.LIB|cdpapi ACBP=A9
 0001:00024028 000000A2 C=CODE    S=_TEXT    G=(none)   M=C:\XHB804\LIB\RTL.LIB|chrasc ACBP=A9
 0001:000240CC 000000B6 C=CODE    S=_TEXT    G=(none)   M=C:\XHB804\LIB\RTL.LIB|colorind ACBP=A9
 0001:00024184 000009C1 C=CODE    S=_TEXT    G=(none)   M=C:\XHB804\LIB\RTL.LIB|console ACBP=A9
 0001:00024B48 00000143 C=CODE    S=_TEXT    G=(none)   M=C:\XHB804\LIB\RTL.LIB|datec ACBP=A9
 0001:00024C8C 00000EDA C=CODE    S=_TEXT    G=(none)   M=C:\XHB804\LIB\RTL.LIB|dateshb ACBP=A9
 0001:00025B68 000007AC C=CODE    S=_TEXT    G=(none)   M=C:\XHB804\LIB\RTL.LIB|direct ACBP=A9
 0001:00026314 00000194 C=CODE    S=_TEXT    G=(none)   M=C:\XHB804\LIB\RTL.LIB|empty ACBP=A9
 0001:000264A8 00000144 C=CODE    S=_TEXT    G=(none)   M=C:\XHB804\LIB\RTL.LIB|file ACBP=A9
 0001:000265EC 00000072 C=CODE    S=_TEXT    G=(none)   M=C:\XHB804\LIB\RTL.LIB|filehb ACBP=A9
 0001:00026660 0000166F C=CODE    S=_TEXT    G=(none)   M=C:\XHB804\LIB\RTL.LIB|filesys ACBP=A9
 0001:00027CD0 000000B8 C=CODE    S=_TEXT    G=(none)   M=C:\XHB804\LIB\RTL.LIB|fserror ACBP=A9
 0001:00027D88 000000C0 C=CODE    S=_TEXT    G=(none)   M=C:\XHB804\LIB\RTL.LIB|fnsplit ACBP=A9
 0001:00027E48 00000906 C=CODE    S=_TEXT    G=(none)   M=C:\XHB804\LIB\RTL.LIB|fparse ACBP=A9
 0001:00028750 000000F4 C=CODE    S=_TEXT    G=(none)   M=C:\XHB804\LIB\RTL.LIB|fssize ACBP=A9
 0001:00028844 00000133 C=CODE    S=_TEXT    G=(none)   M=C:\XHB804\LIB\RTL.LIB|fstemp ACBP=A9
 0001:00028978 000000A2 C=CODE    S=_TEXT    G=(none)   M=C:\XHB804\LIB\RTL.LIB|gete ACBP=A9
 0001:00028A1C 00000020 C=CODE    S=_TEXT    G=(none)   M=C:\XHB804\LIB\RTL.LIB|gt ACBP=A9
 0001:00028A3C 00000E52 C=CODE    S=_TEXT    G=(none)   M=C:\XHB804\LIB\RTL.LIB|gtapi ACBP=A9
 0001:00029890 000001CD C=CODE    S=_TEXT    G=(none)   M=C:\XHB804\LIB\RTL.LIB|gtclip ACBP=A9
 0001:00029A60 00000001 C=CODE    S=_TEXT    G=(none)   M=C:\XHB804\LIB\RTL.LIB|gtsys ACBP=A9
 0001:00029A64 000003E8 C=CODE    S=_TEXT    G=(none)   M=C:\XHB804\LIB\RTL.LIB|hbbitf ACBP=A9
 0001:00029E4C 00000835 C=CODE    S=_TEXT    G=(none)   M=C:\XHB804\LIB\RTL.LIB|hbffind ACBP=A9
 0001:0002A684 00003BDD C=CODE    S=_TEXT    G=(none)   M=C:\XHB804\LIB\RTL.LIB|hbgtcore ACBP=A9
 0001:0002E264 00000463 C=CODE    S=_TEXT    G=(none)   M=C:\XHB804\LIB\RTL.LIB|hbhex2n ACBP=A9
 0001:0002E6C8 0000029C C=CODE    S=_TEXT    G=(none)   M=C:\XHB804\LIB\RTL.LIB|hbrandom ACBP=A9
 0001:0002E964 00000378 C=CODE    S=_TEXT    G=(none)   M=C:\XHB804\LIB\RTL.LIB|hbtoken ACBP=A9
 0001:0002ECDC 0000041F C=CODE    S=_TEXT    G=(none)   M=C:\XHB804\LIB\RTL.LIB|idle ACBP=A9
 0001:0002F0FC 00000443 C=CODE    S=_TEXT    G=(none)   M=C:\XHB804\LIB\RTL.LIB|inkey ACBP=A9
 0001:0002F540 00000119 C=CODE    S=_TEXT    G=(none)   M=C:\XHB804\LIB\RTL.LIB|inkeyapi ACBP=A9
 0001:0002F65C 0000030F C=CODE    S=_TEXT    G=(none)   M=C:\XHB804\LIB\RTL.LIB|is ACBP=A9
 0001:0002F96C 00000273 C=CODE    S=_TEXT    G=(none)   M=C:\XHB804\LIB\RTL.LIB|langapi ACBP=A9
 0001:0002FBE0 000000B3 C=CODE    S=_TEXT    G=(none)   M=C:\XHB804\LIB\RTL.LIB|left ACBP=A9
 0001:0002FC94 0000006A C=CODE    S=_TEXT    G=(none)   M=C:\XHB804\LIB\RTL.LIB|len ACBP=A9
 0001:0002FD00 000009BC C=CODE    S=_TEXT    G=(none)   M=C:\XHB804\LIB\RTL.LIB|math ACBP=A9
 0001:000306BC 00000157 C=CODE    S=_TEXT    G=(none)   M=C:\XHB804\LIB\RTL.LIB|memofile ACBP=A9
 0001:00030814 000004FD C=CODE    S=_TEXT    G=(none)   M=C:\XHB804\LIB\RTL.LIB|minmax ACBP=A9
 0001:00030D14 00000006 C=CODE    S=_TEXT    G=(none)   M=C:\XHB804\LIB\RTL.LIB|pad ACBP=A9
 0001:00030D1C 00000122 C=CODE    S=_TEXT    G=(none)   M=C:\XHB804\LIB\RTL.LIB|padc ACBP=A9
 0001:00030E40 000000F0 C=CODE    S=_TEXT    G=(none)   M=C:\XHB804\LIB\RTL.LIB|padl ACBP=A9
 0001:00030F30 000000EB C=CODE    S=_TEXT    G=(none)   M=C:\XHB804\LIB\RTL.LIB|padr ACBP=A9
 0001:0003101C 00000A48 C=CODE    S=_TEXT    G=(none)   M=C:\XHB804\LIB\RTL.LIB|philes ACBP=A9
 0001:00031A64 0000009F C=CODE    S=_TEXT    G=(none)   M=C:\XHB804\LIB\RTL.LIB|philesx ACBP=A9
 0001:00031B04 00000098 C=CODE    S=_TEXT    G=(none)   M=C:\XHB804\LIB\RTL.LIB|rat ACBP=A9
 0001:00031B9C 000010A2 C=CODE    S=_TEXT    G=(none)   M=C:\XHB804\LIB\RTL.LIB|regex ACBP=A9
 0001:00032C40 00000134 C=CODE    S=_TEXT    G=(none)   M=C:\XHB804\LIB\RTL.LIB|replic ACBP=A9
 0001:00032D74 0000005D C=CODE    S=_TEXT    G=(none)   M=C:\XHB804\LIB\RTL.LIB|right ACBP=A9
 0001:00032DD4 00000125 C=CODE    S=_TEXT    G=(none)   M=C:\XHB804\LIB\RTL.LIB|round ACBP=A9
 0001:00032EFC 000001F0 C=CODE    S=_TEXT    G=(none)   M=C:\XHB804\LIB\RTL.LIB|samples ACBP=A9
 0001:000330EC 000002CC C=CODE    S=_TEXT    G=(none)   M=C:\XHB804\LIB\RTL.LIB|seconds ACBP=A9
 0001:000333B8 000030FA C=CODE    S=_TEXT    G=(none)   M=C:\XHB804\LIB\RTL.LIB|set ACBP=A9
 0001:000364B4 0000011D C=CODE    S=_TEXT    G=(none)   M=C:\XHB804\LIB\RTL.LIB|setcolor ACBP=A9
 0001:000365D4 0000005C C=CODE    S=_TEXT    G=(none)   M=C:\XHB804\LIB\RTL.LIB|setcurs ACBP=A9
 0001:00036630 00000579 C=CODE    S=_TEXT    G=(none)   M=C:\XHB804\LIB\RTL.LIB|setkey ACBP=A9
 0001:00036BAC 0000007D C=CODE    S=_TEXT    G=(none)   M=C:\XHB804\LIB\RTL.LIB|setpos ACBP=A9
 0001:00036C2C 0000002A C=CODE    S=_TEXT    G=(none)   M=C:\XHB804\LIB\RTL.LIB|setposbs ACBP=A9
 0001:00036C58 00000079 C=CODE    S=_TEXT    G=(none)   M=C:\XHB804\LIB\RTL.LIB|space ACBP=A9
 0001:00036CD4 00000204 C=CODE    S=_TEXT    G=(none)   M=C:\XHB804\LIB\RTL.LIB|spfiles ACBP=A9
 0001:00036ED8 000001A4 C=CODE    S=_TEXT    G=(none)   M=C:\XHB804\LIB\RTL.LIB|str ACBP=A9
 0001:0003707C 000002F6 C=CODE    S=_TEXT    G=(none)   M=C:\XHB804\LIB\RTL.LIB|strcase ACBP=A9
 0001:00037374 0000012B C=CODE    S=_TEXT    G=(none)   M=C:\XHB804\LIB\RTL.LIB|strdel ACBP=A9
 0001:000374A0 00000035 C=CODE    S=_TEXT    G=(none)   M=C:\XHB804\LIB\RTL.LIB|strings ACBP=A9
 0001:000374D8 00000424 C=CODE    S=_TEXT    G=(none)   M=C:\XHB804\LIB\RTL.LIB|strmatch ACBP=A9
 0001:000378FC 000002DB C=CODE    S=_TEXT    G=(none)   M=C:\XHB804\LIB\RTL.LIB|strtran ACBP=A9
 0001:00037BD8 00000124 C=CODE    S=_TEXT    G=(none)   M=C:\XHB804\LIB\RTL.LIB|strzero ACBP=A9
 0001:00037CFC 00000168 C=CODE    S=_TEXT    G=(none)   M=C:\XHB804\LIB\RTL.LIB|stuff ACBP=A9
 0001:00037E64 00000124 C=CODE    S=_TEXT    G=(none)   M=C:\XHB804\LIB\RTL.LIB|substr ACBP=A9
 0001:00037F88 00001134 C=CODE    S=_TEXT    G=(none)   M=C:\XHB804\LIB\RTL.LIB|tprinter ACBP=A9
 0001:000390BC 0000015C C=CODE    S=_TEXT    G=(none)   M=C:\XHB804\LIB\RTL.LIB|trace ACBP=A9
 0001:00039218 00001A40 C=CODE    S=_TEXT    G=(none)   M=C:\XHB804\LIB\RTL.LIB|transfrm ACBP=A9
 0001:0003AC58 0000021C C=CODE    S=_TEXT    G=(none)   M=C:\XHB804\LIB\RTL.LIB|trim ACBP=A9
 0001:0003AE74 00000FB1 C=CODE    S=_TEXT    G=(none)   M=C:\XHB804\LIB\RTL.LIB|txtline ACBP=A9
 0001:0003BE28 00000066 C=CODE    S=_TEXT    G=(none)   M=C:\XHB804\LIB\RTL.LIB|type ACBP=A9
 0001:0003BE90 00000091 C=CODE    S=_TEXT    G=(none)   M=C:\XHB804\LIB\RTL.LIB|val ACBP=A9
 0001:0003BF24 000002F8 C=CODE    S=_TEXT    G=(none)   M=C:\XHB804\LIB\RTL.LIB|valtype ACBP=A9
 0001:0003C21C 0000037E C=CODE    S=_TEXT    G=(none)   M=C:\XHB804\LIB\RTL.LIB|version ACBP=A9
 0001:0003C59C 00000042 C=CODE    S=_TEXT    G=(none)   M=C:\XHB804\LIB\RTL.LIB|word ACBP=A9
 0001:0003C5E0 00000057 C=CODE    S=_TEXT    G=(none)   M=C:\XHB804\LIB\RTL.LIB|xhelp ACBP=A9
 0001:0003C638 000000E4 C=CODE    S=_TEXT    G=(none)   M=C:\XHB804\LIB\RTL.LIB|xsavescr ACBP=A9
 0001:0003C71C 000000B0 C=CODE    S=_TEXT    G=(none)   M=C:\XHB804\LIB\RTL.LIB|cstr ACBP=A9
 0001:0003C7CC 0000004C C=CODE    S=_TEXT    G=(none)   M=C:\XHB804\LIB\RTL.LIB|memvarbl ACBP=A9
 0001:0003C818 000001DC C=CODE    S=_TEXT    G=(none)   M=C:\XHB804\LIB\RTL.LIB|objfunc ACBP=A9
 0001:0003C9F4 000001F0 C=CODE    S=_TEXT    G=(none)   M=C:\XHB804\LIB\RTL.LIB|tclass ACBP=A9
 0001:0003CBE4 00000060 C=CODE    S=_TEXT    G=(none)   M=C:\XHB804\LIB\RTL.LIB|terror ACBP=A9
 0001:0003CC44 000003D4 C=CODE    S=_TEXT    G=(none)   M=C:\XHB804\LIB\RTL.LIB|tget ACBP=A9
 0001:0003D018 00000074 C=CODE    S=_TEXT    G=(none)   M=C:\XHB804\LIB\RTL.LIB|tgetint ACBP=A9
 0001:0003D08C 0000019E C=CODE    S=_TEXT    G=(none)   M=C:\XHB804\LIB\RTL.LIB|tobject ACBP=A9
 0001:0003D22C 00000060 C=CODE    S=_TEXT    G=(none)   M=C:\XHB804\LIB\RTL.LIB|traceprg ACBP=A9
 0001:0003D28C 00001A2F C=CODE    S=_TEXT    G=(none)   M=C:\XHB804\LIB\VM.LIB|arrays ACBP=A9
 0001:0003ECBC 00003681 C=CODE    S=_TEXT    G=(none)   M=C:\XHB804\LIB\VM.LIB|arrayshb ACBP=A9
 0001:00042340 00000485 C=CODE    S=_TEXT    G=(none)   M=C:\XHB804\LIB\VM.LIB|asort ACBP=A9
 0001:000427C8 00000014 C=CODE    S=_TEXT    G=(none)   M=C:\XHB804\LIB\VM.LIB|break ACBP=A9
 0001:000427DC 00005449 C=CODE    S=_TEXT    G=(none)   M=C:\XHB804\LIB\VM.LIB|classes ACBP=A9
 0001:00047C28 00000121 C=CODE    S=_TEXT    G=(none)   M=C:\XHB804\LIB\VM.LIB|classesc ACBP=A9
 0001:00047D4C 000005CA C=CODE    S=_TEXT    G=(none)   M=C:\XHB804\LIB\VM.LIB|cmdarg ACBP=A9
 0001:00048318 000002EA C=CODE    S=_TEXT    G=(none)   M=C:\XHB804\LIB\VM.LIB|codebloc ACBP=A9
 0001:00048604 000003FE C=CODE    S=_TEXT    G=(none)   M=C:\XHB804\LIB\VM.LIB|debug ACBP=A9
 0001:00048A04 000007B1 C=CODE    S=_TEXT    G=(none)   M=C:\XHB804\LIB\VM.LIB|dynsym ACBP=A9
 0001:000491B8 000017A7 C=CODE    S=_TEXT    G=(none)   M=C:\XHB804\LIB\VM.LIB|errorapi ACBP=A9
 0001:0004A960 00000A33 C=CODE    S=_TEXT    G=(none)   M=C:\XHB804\LIB\VM.LIB|estack ACBP=A9
 0001:0004B394 00000A8E C=CODE    S=_TEXT    G=(none)   M=C:\XHB804\LIB\VM.LIB|eval ACBP=A9
 0001:0004BE24 00000082 C=CODE    S=_TEXT    G=(none)   M=C:\XHB804\LIB\VM.LIB|evalhb ACBP=A9
 0001:0004BEA8 00001AC0 C=CODE    S=_TEXT    G=(none)   M=C:\XHB804\LIB\VM.LIB|extend ACBP=A9
 0001:0004D968 00000495 C=CODE    S=_TEXT    G=(none)   M=C:\XHB804\LIB\VM.LIB|fm ACBP=A9
 0001:0004DE00 00000718 C=CODE    S=_TEXT    G=(none)   M=C:\XHB804\LIB\VM.LIB|garbage ACBP=A9
 0001:0004E518 000033E7 C=CODE    S=_TEXT    G=(none)   M=C:\XHB804\LIB\VM.LIB|hash ACBP=A9
 0001:00051900 00001180 C=CODE    S=_TEXT    G=(none)   M=C:\XHB804\LIB\VM.LIB|hbi18n ACBP=A9
 0001:00052A80 000125B2 C=CODE    S=_TEXT    G=(none)   M=C:\XHB804\LIB\VM.LIB|hvm ACBP=A9
 0001:00065034 00000006 C=CODE    S=_TEXT    G=(none)   M=C:\XHB804\LIB\VM.LIB|initexit ACBP=A9
 0001:0006503C 00000019 C=CODE    S=_TEXT    G=(none)   M=C:\XHB804\LIB\VM.LIB|initsymb ACBP=A9
 0001:00065058 00001E52 C=CODE    S=_TEXT    G=(none)   M=C:\XHB804\LIB\VM.LIB|itemapi ACBP=A9
 0001:00066EAC 0000094C C=CODE    S=_TEXT    G=(none)   M=C:\XHB804\LIB\VM.LIB|fastitem ACBP=A9
 0001:000677F8 00001DDB C=CODE    S=_TEXT    G=(none)   M=C:\XHB804\LIB\VM.LIB|macro ACBP=A9
 0001:000695D4 00000128 C=CODE    S=_TEXT    G=(none)   M=C:\XHB804\LIB\VM.LIB|mainwin ACBP=A9
 0001:000696FC 00001DF8 C=CODE    S=_TEXT    G=(none)   M=C:\XHB804\LIB\VM.LIB|memvars ACBP=A9
 0001:0006B4F4 00000025 C=CODE    S=_TEXT    G=(none)   M=C:\XHB804\LIB\VM.LIB|pcount ACBP=A9
 0001:0006B51C 000003A6 C=CODE    S=_TEXT    G=(none)   M=C:\XHB804\LIB\VM.LIB|proc ACBP=A9
 0001:0006B8C4 00000072 C=CODE    S=_TEXT    G=(none)   M=C:\XHB804\LIB\VM.LIB|throw ACBP=A9
 0001:0006B938 000000F8 C=CODE    S=_TEXT    G=(none)   M=C:\XHB804\LIB\VM.LIB|harbinit ACBP=A9
 0001:0006BA30 00000010 C=CODE    S=_TEXT    G=(none)   M=C:\XHB804\LIB\LANG.LIB|msgen ACBP=A9
 0001:0006BA40 000042BD C=CODE    S=_TEXT    G=(none)   M=C:\XHB804\LIB\MACRO.LIB|macroy ACBP=A9
 0001:0006FD00 00000355 C=CODE    S=_TEXT    G=(none)   M=C:\XHB804\LIB\MACRO.LIB|macroa ACBP=A9
 0001:00070058 00005BF5 C=CODE    S=_TEXT    G=(none)   M=C:\XHB804\LIB\MACRO.LIB|macrob ACBP=A9
 0001:00075C50 000007EC C=CODE    S=_TEXT    G=(none)   M=C:\XHB804\LIB\MACRO.LIB|macroc ACBP=A9
 0001:0007643C 000021A6 C=CODE    S=_TEXT    G=(none)   M=C:\XHB804\LIB\MACRO.LIB|macroslx ACBP=A9
 0001:000785E4 000041E1 C=CODE    S=_TEXT    G=(none)   M=C:\XHB804\LIB\RDD.LIB|dbcmd ACBP=A9
 0001:0007C7C8 000023D6 C=CODE    S=_TEXT    G=(none)   M=C:\XHB804\LIB\RDD.LIB|workarea ACBP=A9
 0001:0007EBA0 000007C1 C=CODE    S=_TEXT    G=(none)   M=C:\XHB804\LIB\RDD.LIB|wacore ACBP=A9
 0001:0007F364 000012D6 C=CODE    S=_TEXT    G=(none)   M=C:\XHB804\LIB\RDD.LIB|wafunc ACBP=A9
 0001:0008063C 00007E3C C=CODE    S=_TEXT    G=(none)   M=C:\XHB804\LIB\RDD.LIB|dbf1 ACBP=A9
 0001:00088478 00000695 C=CODE    S=_TEXT    G=(none)   M=C:\XHB804\LIB\RDD.LIB|hbdbsort ACBP=A9
 0001:00088B10 000000D8 C=CODE    S=_TEXT    G=(none)   M=C:\XHB804\LIB\RDD.LIB|rddord ACBP=A9
 0001:00088BE8 0000004C C=CODE    S=_TEXT    G=(none)   M=C:\XHB804\LIB\RDD.LIB|rddsys ACBP=A9
 0001:00088C34 0000AA1C C=CODE    S=_TEXT    G=(none)   M=C:\XHB804\LIB\DBFNTX.LIB|dbfntx1 ACBP=A9
 0001:00093650 000072E0 C=CODE    S=_TEXT    G=(none)   M=C:\XHB804\LIB\DBFFPT.LIB|dbffpt1 ACBP=A9
 0001:0009A930 000003A6 C=CODE    S=_TEXT    G=(none)   M=C:\XHB804\LIB\HBSIX.LIB|sxcrypt ACBP=A9
 0001:0009ACD8 000000E8 C=CODE    S=_TEXT    G=(none)   M=C:\XHB804\LIB\HBSIX.LIB|sxdate ACBP=A9
 0001:0009ADC0 0000003B C=CODE    S=_TEXT    G=(none)   M=C:\XHB804\LIB\COMMON.LIB|hbfopen ACBP=A9
 0001:0009ADFC 000002AF C=CODE    S=_TEXT    G=(none)   M=C:\XHB804\LIB\COMMON.LIB|hbfsapi ACBP=A9
 0001:0009B0AC 00000033 C=CODE    S=_TEXT    G=(none)   M=C:\XHB804\LIB\COMMON.LIB|hbgete ACBP=A9
 0001:0009B0E0 00000E97 C=CODE    S=_TEXT    G=(none)   M=C:\XHB804\LIB\COMMON.LIB|hbstr ACBP=A9
 0001:0009BF78 00000225 C=CODE    S=_TEXT    G=(none)   M=C:\XHB804\LIB\COMMON.LIB|hbtrace ACBP=A9
 0001:0009C1A0 00000DDE C=CODE    S=_TEXT    G=(none)   M=C:\XHB804\LIB\COMMON.LIB|hbver ACBP=A9
 0001:0009CF80 00000A9A C=CODE    S=_TEXT    G=(none)   M=C:\XHB804\LIB\COMMON.LIB|expropt1 ACBP=A9
 0001:0009DA1C 000011E4 C=CODE    S=_TEXT    G=(none)   M=C:\XHB804\LIB\COMMON.LIB|expropt2 ACBP=A9
 0001:0009EC00 00000060 C=CODE    S=_TEXT    G=(none)   M=C:\XHB804\LIB\COMMON.LIB|reserved ACBP=A9
 0001:0009EC60 000015D3 C=CODE    S=_TEXT    G=(none)   M=C:\XHB804\LIB\COMMON.LIB|hbdate ACBP=A9
 0001:000A0234 00005282 C=CODE    S=_TEXT    G=(none)   M=C:\XHB804\LIB\PCREPOS.LIB|pcre_compile ACBP=A9
 0001:000A54B8 000037A5 C=CODE    S=_TEXT    G=(none)   M=C:\XHB804\LIB\PCREPOS.LIB|pcre_exec ACBP=A9
 0001:000A8C60 0000007B C=CODE    S=_TEXT    G=(none)   M=C:\XHB804\LIB\PCREPOS.LIB|pcre_info ACBP=A9
 0001:000A8CDC 000001A7 C=CODE    S=_TEXT    G=(none)   M=C:\XHB804\LIB\PCREPOS.LIB|pcre_newline ACBP=A9
 0001:000A8E84 0000018E C=CODE    S=_TEXT    G=(none)   M=C:\XHB804\LIB\PCREPOS.LIB|pcre_try_flipped ACBP=A9
 0001:000A9014 000003A5 C=CODE    S=_TEXT    G=(none)   M=C:\XHB804\LIB\PCREPOS.LIB|pcreposix ACBP=A9
 0001:000A93BC 0000D474 C=CODE    S=_TEXT    G=(none)   M=C:\XHB804\LIB\DBFCDX.LIB|dbfcdx1 ACBP=A9
 0001:000B6830 0000002B C=CODE    S=_TEXT    G=(none)   M=C:\BCC56\LIB\CW32.LIB|calloc ACBP=A9
 0001:000B685C 0000000F C=CODE    S=_TEXT    G=(none)   M=C:\BCC56\LIB\CW32.LIB|del ACBP=A9
 0001:000B686C 0000000F C=CODE    S=_TEXT    G=(none)   M=C:\BCC56\LIB\CW32.LIB|delarray ACBP=A9
 0001:000B687C 0000015E C=CODE    S=_TEXT    G=(none)   M=C:\BCC56\LIB\CW32.LIB|new ACBP=A9
 0001:000B69DC 0000000F C=CODE    S=_TEXT    G=(none)   M=C:\BCC56\LIB\CW32.LIB|newarray ACBP=A9
 0001:000B69EC 000000DB C=CODE    S=_TEXT    G=(none)   M=C:\BCC56\LIB\CW32.LIB|setnew ACBP=A9
 0001:000B6AC0 00000111 C=CODE    S=_TEXT    G=(none)   M=C:\BCC56\LIB\CW32.LIB|virtmem ACBP=A9
 0001:000B6BD4 0000009F C=CODE    S=_TEXT    G=(none)   M=C:\BCC56\LIB\CW32.LIB|hrdir_b ACBP=A9
 0001:000B6C74 00000020 C=CODE    S=_TEXT    G=(none)   M=C:\BCC56\LIB\CW32.LIB|hrdir_mf ACBP=A9
 0001:000B6C94 00000016 C=CODE    S=_TEXT    G=(none)   M=C:\BCC56\LIB\CW32.LIB|hrdir_r ACBP=A9
 0001:000B6CAC 000000B8 C=CODE    S=_TEXT    G=(none)   M=C:\BCC56\LIB\CW32.LIB|hrdir_s ACBP=A9
 0001:000B6D64 00000001 C=CODE    S=_TEXT    G=(none)   M=C:\BCC56\LIB\CW32.LIB|hrdir_us ACBP=A9
 0001:000B6D68 000009CC C=CODE    S=_TEXT    G=(none)   M=C:\BCC56\LIB\CW32.LIB|heap ACBP=A9
 0001:000B7734 00000292 C=CODE    S=_TEXT    G=(none)   M=C:\BCC56\LIB\CW32.LIB|realloc ACBP=A9
 0001:000B79C8 00000001 C=CODE    S=_TEXT    G=(none)   M=C:\BCC56\LIB\CW32.LIB|crtlst_i ACBP=A9
 0001:000B79CC 00000001 C=CODE    S=_TEXT    G=(none)   M=C:\BCC56\LIB\CW32.LIB|crtlst_l ACBP=A9
 0001:000B79D0 00000214 C=CODE    S=_TEXT    G=(none)   M=C:\BCC56\LIB\CW32.LIB|predecl ACBP=A9
 0001:000B7BDA 0000010D C=CODE    S=_TEXT    G=(none)   M=C:\BCC56\LIB\CW32.LIB|stdexcpt ACBP=A9
 0001:000B7C58 0000001E C=CODE    S=_TEXT    G=(none)   M=C:\BCC56\LIB\CW32.LIB|memchr ACBP=A9
 0001:000B7C78 00000024 C=CODE    S=_TEXT    G=(none)   M=C:\BCC56\LIB\CW32.LIB|memcpy ACBP=A9
 0001:000B7C9C 0000004A C=CODE    S=_TEXT    G=(none)   M=C:\BCC56\LIB\CW32.LIB|memmove ACBP=A9
 0001:000B7CE8 0000008A C=CODE    S=_TEXT    G=(none)   M=C:\BCC56\LIB\CW32.LIB|memset ACBP=A9
 0001:000B7D74 00000018 C=CODE    S=_TEXT    G=(none)   M=C:\BCC56\LIB\CW32.LIB|wmemset ACBP=A9
 0001:000B7D8C 0000003C C=CODE    S=_TEXT    G=(none)   M=C:\BCC56\LIB\CW32.LIB|strcat ACBP=A9
 0001:000B7DC8 00000053 C=CODE    S=_TEXT    G=(none)   M=C:\BCC56\LIB\CW32.LIB|strchr ACBP=A9
 0001:000B7E1C 0000002F C=CODE    S=_TEXT    G=(none)   M=C:\BCC56\LIB\CW32.LIB|strcpy ACBP=A9
 0001:000B7E4C 0000005A C=CODE    S=_TEXT    G=(none)   M=C:\BCC56\LIB\CW32.LIB|strlen ACBP=A9
 0001:000B7EA8 0000006E C=CODE    S=_TEXT    G=(none)   M=C:\BCC56\LIB\CW32.LIB|strncat ACBP=A9
 0001:000B7F18 00000027 C=CODE    S=_TEXT    G=(none)   M=C:\BCC56\LIB\CW32.LIB|strncmp ACBP=A9
 0001:000B7F40 0000006C C=CODE    S=_TEXT    G=(none)   M=C:\BCC56\LIB\CW32.LIB|memcmp ACBP=A9
 0001:000B7FAC 00000032 C=CODE    S=_TEXT    G=(none)   M=C:\BCC56\LIB\CW32.LIB|strdup ACBP=A9
 0001:000B7FE0 0000004F C=CODE    S=_TEXT    G=(none)   M=C:\BCC56\LIB\CW32.LIB|strncpy ACBP=A9
 0001:000B8030 0000002B C=CODE    S=_TEXT    G=(none)   M=C:\BCC56\LIB\CW32.LIB|strpbrk ACBP=A9
 0001:000B805C 00000029 C=CODE    S=_TEXT    G=(none)   M=C:\BCC56\LIB\CW32.LIB|strrchr ACBP=A9
 0001:000B8088 00000054 C=CODE    S=_TEXT    G=(none)   M=C:\BCC56\LIB\CW32.LIB|strstr ACBP=A9
 0001:000B80DC 00000037 C=CODE    S=_TEXT    G=(none)   M=C:\BCC56\LIB\CW32.LIB|_stpcpy ACBP=A9
 0001:000B8114 00000018 C=CODE    S=_TEXT    G=(none)   M=C:\BCC56\LIB\CW32.LIB|wcslen ACBP=A9
 0001:000B812C 0000003F C=CODE    S=_TEXT    G=(none)   M=C:\BCC56\LIB\CW32.LIB|wcscpy ACBP=A9
 0001:000B816C 00000070 C=CODE    S=_TEXT    G=(none)   M=C:\BCC56\LIB\CW32.LIB|xxa ACBP=A9
 0001:000B81DC 00000AB6 C=CODE    S=_TEXT    G=(none)   M=C:\BCC56\LIB\CW32.LIB|xxtype ACBP=A9
 0001:000B8C92 000000B6 C=CODE    S=_TEXT    G=(none)   M=C:\BCC56\LIB\CW32.LIB|xxut ACBP=A9
 0001:000B8D34 0000014B C=CODE    S=_TEXT    G=(none)   M=C:\BCC56\LIB\CW32.LIB|xxv ACBP=A9
 0001:000B8E80 0000000A C=CODE    S=_TEXT    G=(none)   M=C:\BCC56\LIB\CW32.LIB|defhandl ACBP=A9
 0001:000B8E8C 00000179 C=CODE    S=_TEXT    G=(none)   M=C:\BCC56\LIB\CW32.LIB|except ACBP=A9
 0001:000B9008 00000046 C=CODE    S=_TEXT    G=(none)   M=C:\BCC56\LIB\CW32.LIB|setexc ACBP=A9
 0001:000B9050 00000022 C=CODE    S=_TEXT    G=(none)   M=C:\BCC56\LIB\CW32.LIB|ta ACBP=A9
 0001:000B9074 0000003C C=CODE    S=_TEXT    G=(none)   M=C:\BCC56\LIB\CW32.LIB|__access ACBP=A9
 0001:000B90B0 00000060 C=CODE    S=_TEXT    G=(none)   M=C:\BCC56\LIB\CW32.LIB|__close ACBP=A9
 0001:000B9110 00000013 C=CODE    S=_TEXT    G=(none)   M=C:\BCC56\LIB\CW32.LIB|__dup ACBP=A9
 0001:000B9124 000000EF C=CODE    S=_TEXT    G=(none)   M=C:\BCC56\LIB\CW32.LIB|__dup2 ACBP=A9
 0001:000B9214 00000086 C=CODE    S=_TEXT    G=(none)   M=C:\BCC56\LIB\CW32.LIB|__eof ACBP=A9
 0001:000B929C 00000047 C=CODE    S=_TEXT    G=(none)   M=C:\BCC56\LIB\CW32.LIB|__isatty ACBP=A9
 0001:000B92E4 00000076 C=CODE    S=_TEXT    G=(none)   M=C:\BCC56\LIB\CW32.LIB|__lseek ACBP=A9
 0001:000B935C 000001FA C=CODE    S=_TEXT    G=(none)   M=C:\BCC56\LIB\CW32.LIB|__open ACBP=A9
 0001:000B9558 0000019A C=CODE    S=_TEXT    G=(none)   M=C:\BCC56\LIB\CW32.LIB|__read ACBP=A9
 0001:000B96F4 0000011C C=CODE    S=_TEXT    G=(none)   M=C:\BCC56\LIB\CW32.LIB|__write ACBP=A9
 0001:000B9810 00000011 C=CODE    S=_TEXT    G=(none)   M=C:\BCC56\LIB\CW32.LIB|_cfinfo ACBP=A9
 0001:000B9824 00000038 C=CODE    S=_TEXT    G=(none)   M=C:\BCC56\LIB\CW32.LIB|_flshall ACBP=A9
 0001:000B985C 00000061 C=CODE    S=_TEXT    G=(none)   M=C:\BCC56\LIB\CW32.LIB|_read ACBP=A9
 0001:000B98C0 00000008 C=CODE    S=_TEXT    G=(none)   M=C:\BCC56\LIB\CW32.LIB|_stat ACBP=A9
 0001:000B98C8 00000017 C=CODE    S=_TEXT    G=(none)   M=C:\BCC56\LIB\CW32.LIB|_umask ACBP=A9
 0001:000B98C8 00000061 C=CODE    S=_TEXT    G=(none)   M=C:\BCC56\LIB\CW32.LIB|_write ACBP=A9
 0001:000B992C 00000008 C=CODE    S=_TEXT    G=(none)   M=C:\BCC56\LIB\CW32.LIB|access ACBP=A9
 0001:000B9934 0000007D C=CODE    S=_TEXT    G=(none)   M=C:\BCC56\LIB\CW32.LIB|allocbuf ACBP=A9
 0001:000B99B4 0000009C C=CODE    S=_TEXT    G=(none)   M=C:\BCC56\LIB\CW32.LIB|chdrive ACBP=A9
 0001:000B9A50 00000008 C=CODE    S=_TEXT    G=(none)   M=C:\BCC56\LIB\CW32.LIB|close ACBP=A9
 0001:000B9A58 00000008 C=CODE    S=_TEXT    G=(none)   M=C:\BCC56\LIB\CW32.LIB|dup ACBP=A9
 0001:000B9A60 00000008 C=CODE    S=_TEXT    G=(none)   M=C:\BCC56\LIB\CW32.LIB|eof ACBP=A9
 0001:000B9A68 0000008E C=CODE    S=_TEXT    G=(none)   M=C:\BCC56\LIB\CW32.LIB|fclose ACBP=A9
 0001:000B9AF8 0000007F C=CODE    S=_TEXT    G=(none)   M=C:\BCC56\LIB\CW32.LIB|fflush ACBP=A9
 0001:000B9B78 0000005A C=CODE    S=_TEXT    G=(none)   M=C:\BCC56\LIB\CW32.LIB|flushout ACBP=A9
 0001:000B9BD4 00000023 C=CODE    S=_TEXT    G=(none)   M=C:\BCC56\LIB\CW32.LIB|fmodeptr ACBP=A9
 0001:000B9BF8 000001DD C=CODE    S=_TEXT    G=(none)   M=C:\BCC56\LIB\CW32.LIB|fopen ACBP=A9
 0001:000B9DD8 00000022 C=CODE    S=_TEXT    G=(none)   M=C:\BCC56\LIB\CW32.LIB|fprintf ACBP=A9
 0001:000B9DFC 000000D9 C=CODE    S=_TEXT    G=(none)   M=C:\BCC56\LIB\CW32.LIB|fputn ACBP=A9
 0001:000B9ED8 0000013E C=CODE    S=_TEXT    G=(none)   M=C:\BCC56\LIB\CW32.LIB|fseek ACBP=A9
 0001:000BA018 000000D4 C=CODE    S=_TEXT    G=(none)   M=C:\BCC56\LIB\CW32.LIB|fullpath ACBP=A9
 0001:000BA0EC 000002B9 C=CODE    S=_TEXT    G=(none)   M=C:\BCC56\LIB\CW32.LIB|handles ACBP=A9
 0001:000BA3A8 00000076 C=CODE    S=_TEXT    G=(none)   M=C:\BCC56\LIB\CW32.LIB|ioerror ACBP=A9
 0001:000BA420 00000008 C=CODE    S=_TEXT    G=(none)   M=C:\BCC56\LIB\CW32.LIB|isatty ACBP=A9
 0001:000BA428 0000019E C=CODE    S=_TEXT    G=(none)   M=C:\BCC56\LIB\CW32.LIB|lgetc ACBP=A9
 0001:000BA5C8 00000110 C=CODE    S=_TEXT    G=(none)   M=C:\BCC56\LIB\CW32.LIB|lputc ACBP=A9
 0001:000BA6D8 00000091 C=CODE    S=_TEXT    G=(none)   M=C:\BCC56\LIB\CW32.LIB|mkname ACBP=A9
 0001:000BA769 00000079 C=CODE    S=_TEXT    G=(none)   M=C:\BCC56\LIB\CW32.LIB|perror ACBP=A9
 0001:000BA76C 00000023 C=CODE    S=_TEXT    G=(none)   M=C:\BCC56\LIB\CW32.LIB|printf ACBP=A9
 0001:000BA790 0000006B C=CODE    S=_TEXT    G=(none)   M=C:\BCC56\LIB\CW32.LIB|setmode ACBP=A9
 0001:000BA7FC 0000004D C=CODE    S=_TEXT    G=(none)   M=C:\BCC56\LIB\CW32.LIB|setvbuf ACBP=A9
 0001:000BA84C 00000100 C=CODE    S=_TEXT    G=(none)   M=C:\BCC56\LIB\CW32.LIB|snprntf ACBP=A9
 0001:000BA94C 00000078 C=CODE    S=_TEXT    G=(none)   M=C:\BCC56\LIB\CW32.LIB|sprintf ACBP=A9
 0001:000BA9C4 00000205 C=CODE    S=_TEXT    G=(none)   M=C:\BCC56\LIB\CW32.LIB|stat ACBP=A9
 0001:000BABCC 00000101 C=CODE    S=_TEXT    G=(none)   M=C:\BCC56\LIB\CW32.LIB|streams ACBP=A9
 0001:000BACD0 0000001A C=CODE    S=_TEXT    G=(none)   M=C:\BCC56\LIB\CW32.LIB|unlink ACBP=A9
 0001:000BACEC 00000022 C=CODE    S=_TEXT    G=(none)   M=C:\BCC56\LIB\CW32.LIB|vfprintf ACBP=A9
 0001:000BAD10 000009FE C=CODE    S=_TEXT    G=(none)   M=C:\BCC56\LIB\CW32.LIB|vprinter ACBP=A9
 0001:000BB710 0000002E C=CODE    S=_TEXT    G=(none)   M=C:\BCC56\LIB\CW32.LIB|xfclose ACBP=A9
 0001:000BB740 00000027 C=CODE    S=_TEXT    G=(none)   M=C:\BCC56\LIB\CW32.LIB|xfflush ACBP=A9
 0001:000BB768 00000051 C=CODE    S=_TEXT    G=(none)   M=C:\BCC56\LIB\CW32.LIB|getinfo ACBP=A9
 0001:000BB7BC 00000102 C=CODE    S=_TEXT    G=(none)   M=C:\BCC56\LIB\CW32.LIB|is ACBP=A9
 0001:000BB8C0 00000103 C=CODE    S=_TEXT    G=(none)   M=C:\BCC56\LIB\CW32.LIB|wis ACBP=A9
 0001:000BB9C4 00000043 C=CODE    S=_TEXT    G=(none)   M=C:\BCC56\LIB\CW32.LIB|isctype ACBP=A9
 0001:000BBA08 00000055 C=CODE    S=_TEXT    G=(none)   M=C:\BCC56\LIB\CW32.LIB|iswctype ACBP=A9
 0001:000BBA60 00000054 C=CODE    S=_TEXT    G=(none)   M=C:\BCC56\LIB\CW32.LIB|ltolower ACBP=A9
 0001:000BBAB4 00000054 C=CODE    S=_TEXT    G=(none)   M=C:\BCC56\LIB\CW32.LIB|ltoupper ACBP=A9
 0001:000BBB08 000004D0 C=CODE    S=_TEXT    G=(none)   M=C:\BCC56\LIB\CW32.LIB|mbyte1 ACBP=A9
 0001:000BBFD8 00000200 C=CODE    S=_TEXT    G=(none)   M=C:\BCC56\LIB\CW32.LIB|_ll ACBP=A9
 0001:000BC1D8 0000001D C=CODE    S=_TEXT    G=(none)   M=C:\BCC56\LIB\CW32.LIB|_finite ACBP=A9
 0001:000BC1F8 0000002B C=CODE    S=_TEXT    G=(none)   M=C:\BCC56\LIB\CW32.LIB|_ftoul ACBP=A9
 0001:000BC224 00000045 C=CODE    S=_TEXT    G=(none)   M=C:\BCC56\LIB\CW32.LIB|_isnan ACBP=A9
 0001:000BC26C 000000B0 C=CODE    S=_TEXT    G=(none)   M=C:\BCC56\LIB\CW32.LIB|_matherr ACBP=A9
 0001:000BC31C 00000188 C=CODE    S=_TEXT    G=(none)   M=C:\BCC56\LIB\CW32.LIB|_pow10 ACBP=A9
 0001:000BC4A4 00000077 C=CODE    S=_TEXT    G=(none)   M=C:\BCC56\LIB\CW32.LIB|atol ACBP=A9
 0001:000BC51C 0000001C C=CODE    S=_TEXT    G=(none)   M=C:\BCC56\LIB\CW32.LIB|ceil ACBP=A9
 0001:000BC538 00000013 C=CODE    S=_TEXT    G=(none)   M=C:\BCC56\LIB\CW32.LIB|clear87 ACBP=A9
 0001:000BC54C 0000002F C=CODE    S=_TEXT    G=(none)   M=C:\BCC56\LIB\CW32.LIB|ctrl87 ACBP=A9
 0001:000BC57C 00000018 C=CODE    S=_TEXT    G=(none)   M=C:\BCC56\LIB\CW32.LIB|cvtentry ACBP=A9
 0001:000BC594 00000018 C=CODE    S=_TEXT    G=(none)   M=C:\BCC56\LIB\CW32.LIB|cvtfak ACBP=A9
 0001:000BC5AC 00000018 C=CODE    S=_TEXT    G=(none)   M=C:\BCC56\LIB\CW32.LIB|cvtfakw ACBP=A9
 0001:000BC5C4 00000016 C=CODE    S=_TEXT    G=(none)   M=C:\BCC56\LIB\CW32.LIB|div ACBP=A9
 0001:000BC5DC 0000006C C=CODE    S=_TEXT    G=(none)   M=C:\BCC56\LIB\CW32.LIB|exp ACBP=A9
 0001:000BC648 000000CD C=CODE    S=_TEXT    G=(none)   M=C:\BCC56\LIB\CW32.LIB|f87exp ACBP=A9
 0001:000BC718 00000048 C=CODE    S=_TEXT    G=(none)   M=C:\BCC56\LIB\CW32.LIB|f87log ACBP=A9
 0001:000BC760 0000000D C=CODE    S=_TEXT    G=(none)   M=C:\BCC56\LIB\CW32.LIB|fabs ACBP=A9
 0001:000BC770 0000004D C=CODE    S=_TEXT    G=(none)   M=C:\BCC56\LIB\CW32.LIB|fmod ACBP=A9
 0001:000BC7C0 00000016 C=CODE    S=_TEXT    G=(none)   M=C:\BCC56\LIB\CW32.LIB|fpreset ACBP=A9
 0001:000BC7D8 0000002B C=CODE    S=_TEXT    G=(none)   M=C:\BCC56\LIB\CW32.LIB|ftol ACBP=A9
 0001:000BC804 0000002D C=CODE    S=_TEXT    G=(none)   M=C:\BCC56\LIB\CW32.LIB|fuildq ACBP=A9
 0001:000BC834 00000021 C=CODE    S=_TEXT    G=(none)   M=C:\BCC56\LIB\CW32.LIB|fuistq ACBP=A9
 0001:000BC858 00000011 C=CODE    S=_TEXT    G=(none)   M=C:\BCC56\LIB\CW32.LIB|fxam ACBP=A9
 0001:000BC86C 000000B1 C=CODE    S=_TEXT    G=(none)   M=C:\BCC56\LIB\CW32.LIB|int64toa ACBP=A9
 0001:000BC920 00000117 C=CODE    S=_TEXT    G=(none)   M=C:\BCC56\LIB\CW32.LIB|ldtrunc ACBP=A9
 0001:000BCA38 0000006D C=CODE    S=_TEXT    G=(none)   M=C:\BCC56\LIB\CW32.LIB|log ACBP=A9
 0001:000BCAA8 0000008F C=CODE    S=_TEXT    G=(none)   M=C:\BCC56\LIB\CW32.LIB|longtoa ACBP=A9
 0001:000BCB38 00000075 C=CODE    S=_TEXT    G=(none)   M=C:\BCC56\LIB\CW32.LIB|ltoa1 ACBP=A9
 0001:000BCBB0 0000002E C=CODE    S=_TEXT    G=(none)   M=C:\BCC56\LIB\CW32.LIB|matherrl ACBP=A9
 0001:000BCBE0 00000016 C=CODE    S=_TEXT    G=(none)   M=C:\BCC56\LIB\CW32.LIB|mathptr ACBP=A9
 0001:000BCBF8 00000030 C=CODE    S=_TEXT    G=(none)   M=C:\BCC56\LIB\CW32.LIB|modf ACBP=A9
 0001:000BCC28 000001DC C=CODE    S=_TEXT    G=(none)   M=C:\BCC56\LIB\CW32.LIB|pow ACBP=A9
 0001:000BCE04 00000025 C=CODE    S=_TEXT    G=(none)   M=C:\BCC56\LIB\CW32.LIB|qdiv10 ACBP=A9
 0001:000BCE2C 0000002E C=CODE    S=_TEXT    G=(none)   M=C:\BCC56\LIB\CW32.LIB|qmul10 ACBP=A9
 0001:000BCE5C 0000008E C=CODE    S=_TEXT    G=(none)   M=C:\BCC56\LIB\CW32.LIB|rand ACBP=A9
 0001:000BCEEC 000002F9 C=CODE    S=_TEXT    G=(none)   M=C:\BCC56\LIB\CW32.LIB|realcvt ACBP=A9
 0001:000BD1E8 00000331 C=CODE    S=_TEXT    G=(none)   M=C:\BCC56\LIB\CW32.LIB|realcvtw ACBP=A9
 0001:000BD51C 0000002C C=CODE    S=_TEXT    G=(none)   M=C:\BCC56\LIB\CW32.LIB|round ACBP=A9
 0001:000BD548 000004E1 C=CODE    S=_TEXT    G=(none)   M=C:\BCC56\LIB\CW32.LIB|scantod ACBP=A9
 0001:000BDA2C 000004DD C=CODE    S=_TEXT    G=(none)   M=C:\BCC56\LIB\CW32.LIB|scanwtod ACBP=A9
 0001:000BDF0C 0000003A C=CODE    S=_TEXT    G=(none)   M=C:\BCC56\LIB\CW32.LIB|sqrt ACBP=A9
 0001:000BDF48 000002D2 C=CODE    S=_TEXT    G=(none)   M=C:\BCC56\LIB\CW32.LIB|xcvt ACBP=A9
 0001:000BE21C 000002F1 C=CODE    S=_TEXT    G=(none)   M=C:\BCC56\LIB\CW32.LIB|xcvtw ACBP=A9
 0001:000BE510 00000139 C=CODE    S=_TEXT    G=(none)   M=C:\BCC56\LIB\CW32.LIB|mbctype ACBP=A9
 0001:000BE64C 0000003D C=CODE    S=_TEXT    G=(none)   M=C:\BCC56\LIB\CW32.LIB|mbisalp ACBP=A9
 0001:000BE68C 0000001A C=CODE    S=_TEXT    G=(none)   M=C:\BCC56\LIB\CW32.LIB|mbisdgt ACBP=A9
 0001:000BE6A8 0000001A C=CODE    S=_TEXT    G=(none)   M=C:\BCC56\LIB\CW32.LIB|mbisspc ACBP=A9
 0001:000BE6C4 0000009B C=CODE    S=_TEXT    G=(none)   M=C:\BCC56\LIB\CW32.LIB|mbsicmp ACBP=A9
 0001:000BE760 00000054 C=CODE    S=_TEXT    G=(none)   M=C:\BCC56\LIB\CW32.LIB|mbsnbcpy ACBP=A9
 0001:000BE7B4 000000BF C=CODE    S=_TEXT    G=(none)   M=C:\BCC56\LIB\CW32.LIB|mbsnbicm ACBP=A9
 0001:000BE874 0000006C C=CODE    S=_TEXT    G=(none)   M=C:\BCC56\LIB\CW32.LIB|mbspbrk ACBP=A9
 0001:000BE8E0 00000056 C=CODE    S=_TEXT    G=(none)   M=C:\BCC56\LIB\CW32.LIB|mbsrchr ACBP=A9
 0001:000BE938 0000001D C=CODE    S=_TEXT    G=(none)   M=C:\BCC56\LIB\CW32.LIB|mbtoupr ACBP=A9
 0001:000BE958 000000A6 C=CODE    S=_TEXT    G=(none)   M=C:\BCC56\LIB\CW32.LIB|assert ACBP=A9
 0001:000BEA00 000000B8 C=CODE    S=_TEXT    G=(none)   M=C:\BCC56\LIB\CW32.LIB|ermsghlp ACBP=A9
 0001:000BEAB8 00000006 C=CODE    S=_TEXT    G=(none)   M=C:\BCC56\LIB\CW32.LIB|errno ACBP=A9
 0001:000BEAB8 0000019B C=CODE    S=_TEXT    G=(none)   M=C:\BCC56\LIB\CW32.LIB|errormsg ACBP=A9
 0001:000BEC54 00000089 C=CODE    S=_TEXT    G=(none)   M=C:\BCC56\LIB\CW32.LIB|platform ACBP=A9
 0001:000BECDD 00000013 C=CODE    S=_TEXT    G=(none)   M=C:\BCC56\LIB\CW32.LIB|pureerr ACBP=A9
 0001:000BECF0 00000236 C=CODE    S=_TEXT    G=(none)   M=C:\BCC56\LIB\CW32.LIB|qsort ACBP=A9
 0001:000BEF28 00000022 C=CODE    S=_TEXT    G=(none)   M=C:\BCC56\LIB\CW32.LIB|abort ACBP=A9
 0001:000BEF4C 000000A7 C=CODE    S=_TEXT    G=(none)   M=C:\BCC56\LIB\CW32.LIB|exit ACBP=A9
 0001:000BEFF4 00000057 C=CODE    S=_TEXT    G=(none)   M=C:\BCC56\LIB\CW32.LIB|getenv ACBP=A9
 0001:000BF04C 0000001A C=CODE    S=_TEXT    G=(none)   M=C:\BCC56\LIB\CW32.LIB|initwild ACBP=A9
 0001:000BF068 00000011 C=CODE    S=_TEXT    G=(none)   M=C:\BCC56\LIB\CW32.LIB|exparg ACBP=A9
 0001:000BF07C 00000011 C=CODE    S=_TEXT    G=(none)   M=C:\BCC56\LIB\CW32.LIB|wexparg ACBP=A9
 0001:000BF090 00000027 C=CODE    S=_TEXT    G=(none)   M=C:\BCC56\LIB\CW32.LIB|initargv ACBP=A9
 0001:000BF0B8 0000016C C=CODE    S=_TEXT    G=(none)   M=C:\BCC56\LIB\CW32.LIB|setargv ACBP=A9
 0001:000BF224 000001E5 C=CODE    S=_TEXT    G=(none)   M=C:\BCC56\LIB\CW32.LIB|hsargv ACBP=A9
 0001:000BF40C 00000227 C=CODE    S=_TEXT    G=(none)   M=C:\BCC56\LIB\CW32.LIB|whsargv ACBP=A9
 0001:000BF634 00000045 C=CODE    S=_TEXT    G=(none)   M=C:\BCC56\LIB\CW32.LIB|setargv0 ACBP=A9
 0001:000BF67C 000001A0 C=CODE    S=_TEXT    G=(none)   M=C:\BCC56\LIB\CW32.LIB|setenvp ACBP=A9
 0001:000BF81C 000002F8 C=CODE    S=_TEXT    G=(none)   M=C:\BCC56\LIB\CW32.LIB|signal ACBP=A9
 0001:000BFB14 00000157 C=CODE    S=_TEXT    G=(none)   M=C:\BCC56\LIB\CW32.LIB|initexit ACBP=A9
 0001:000BFC6C 000001A4 C=CODE    S=_TEXT    G=(none)   M=C:\BCC56\LIB\CW32.LIB|startup ACBP=A9
 0001:000BFE10 0000004F C=CODE    S=_TEXT    G=(none)   M=C:\BCC56\LIB\CW32.LIB|tlsstat ACBP=A9
 0001:000BFE60 000002A4 C=CODE    S=_TEXT    G=(none)   M=C:\BCC56\LIB\CW32.LIB|timefunc ACBP=A9
 0001:000C0104 00000006 C=CODE    S=_TEXT    G=(none)   M=C:\BCC56\LIB\CW32.LIB|tzdata ACBP=A9
 0001:000C010C 000001C8 C=CODE    S=_TEXT    G=(none)   M=C:\BCC56\LIB\CW32.LIB|tzset ACBP=A9
 0001:000C02D4 00000008 C=CODE    S=_TEXT    G=(none)   M=C:\BCC56\LIB\CW32.LIB|_tzset ACBP=A9
 0001:000C02DC 00000017 C=CODE    S=_TEXT    G=(none)   M=C:\BCC56\LIB\CW32.LIB|clock ACBP=A9
 0001:000C02F4 00000156 C=CODE    S=_TEXT    G=(none)   M=C:\BCC56\LIB\CW32.LIB|statcvt ACBP=A9
 0001:000C044C 0000004D C=CODE    S=_TEXT    G=(none)   M=C:\BCC56\LIB\CW32.LIB|time ACBP=A9
 0001:000C049C 00001BA2 C=CODE    S=_TEXT    G=(none)   M=C:\BCC56\LIB\CW32.LIB|xx ACBP=A9
 0002:00000000 000000A4 C=DATA    S=_DATA    G=DGROUP   M=C:\BCC56\LIB\C0W32.OBJ ACBP=A9
 0002:000000A4 00002ABC C=DATA    S=_DATA    G=DGROUP   M=C:\SISTEMAS FIVEWIN\FAST REPORT\DEMO_FWH.OBJ ACBP=A9
 0002:00002B60 00008A4C C=DATA    S=_DATA    G=DGROUP   M=C:\SISTEMAS FIVEWIN\FAST REPORT\FASTREPH.OBJ ACBP=A9
 0002:0000B5AC 00000DD4 C=DATA    S=_DATA    G=DGROUP   M=C:\FWH804\LIB\FIVEHX.LIB|ACTIVEX ACBP=A9
 0002:0000C380 00000AF0 C=DATA    S=_DATA    G=DGROUP   M=C:\FWH804\LIB\FIVEHX.LIB|ALERT ACBP=A9
 0002:0000CE70 0000397C C=DATA    S=_DATA    G=DGROUP   M=C:\FWH804\LIB\FIVEHX.LIB|BAR ACBP=A9
 0002:000107EC 000034B8 C=DATA    S=_DATA    G=DGROUP   M=C:\FWH804\LIB\FIVEHX.LIB|BITMAP ACBP=A9
 0002:00013CA4 00000CB8 C=DATA    S=_DATA    G=DGROUP   M=C:\FWH804\LIB\FIVEHX.LIB|BRUSH ACBP=A9
 0002:0001495C 000011C4 C=DATA    S=_DATA    G=DGROUP   M=C:\FWH804\LIB\FIVEHX.LIB|BUTTON ACBP=A9
 0002:00015B20 000012EC C=DATA    S=_DATA    G=DGROUP   M=C:\FWH804\LIB\FIVEHX.LIB|CHECKBOX ACBP=A9
 0002:00016E0C 00000980 C=DATA    S=_DATA    G=DGROUP   M=C:\FWH804\LIB\FIVEHX.LIB|CLIPBRD ACBP=A9
 0002:0001778C 00002A20 C=DATA    S=_DATA    G=DGROUP   M=C:\FWH804\LIB\FIVEHX.LIB|COMBOBOX ACBP=A9
 0002:0001A1AC 0000082C C=DATA    S=_DATA    G=DGROUP   M=C:\FWH804\LIB\FIVEHX.LIB|CURSOR ACBP=A9
 0002:0001A9D8 000009F8 C=DATA    S=_DATA    G=DGROUP   M=C:\FWH804\LIB\FIVEHX.LIB|DDE ACBP=A9
 0002:0001B3D0 000036A8 C=DATA    S=_DATA    G=DGROUP   M=C:\FWH804\LIB\FIVEHX.LIB|DIALOG ACBP=A9
 0002:0001EA78 000005A0 C=DATA    S=_DATA    G=DGROUP   M=C:\FWH804\LIB\FIVEHX.LIB|DLGFIND ACBP=A9
 0002:0001F018 00001188 C=DATA    S=_DATA    G=DGROUP   M=C:\FWH804\LIB\FIVEHX.LIB|FILENAME ACBP=A9
 0002:000201A0 00001610 C=DATA    S=_DATA    G=DGROUP   M=C:\FWH804\LIB\FIVEHX.LIB|FONT ACBP=A9
 0002:000217B0 00000340 C=DATA    S=_DATA    G=DGROUP   M=C:\FWH804\LIB\FIVEHX.LIB|FWERROR ACBP=A9
 0002:00021AF0 000007A0 C=DATA    S=_DATA    G=DGROUP   M=C:\FWH804\LIB\FIVEHX.LIB|GETTASKS ACBP=A9
 0002:00022290 00000450 C=DATA    S=_DATA    G=DGROUP   M=C:\FWH804\LIB\FIVEHX.LIB|GETSYSIN ACBP=A9
 0002:000226E0 00000998 C=DATA    S=_DATA    G=DGROUP   M=C:\FWH804\LIB\FIVEHX.LIB|HARBOUR ACBP=A9
 0002:00023078 00000E28 C=DATA    S=_DATA    G=DGROUP   M=C:\FWH804\LIB\FIVEHX.LIB|ICON ACBP=A9
 0002:00023EA0 00000A48 C=DATA    S=_DATA    G=DGROUP   M=C:\FWH804\LIB\FIVEHX.LIB|INI ACBP=A9
 0002:000248E8 00002564 C=DATA    S=_DATA    G=DGROUP   M=C:\FWH804\LIB\FIVEHX.LIB|listbox ACBP=A9
 0002:00026E4C 00001A80 C=DATA    S=_DATA    G=DGROUP   M=C:\FWH804\LIB\FIVEHX.LIB|MDICHILD ACBP=A9
 0002:000288CC 000011CC C=DATA    S=_DATA    G=DGROUP   M=C:\FWH804\LIB\FIVEHX.LIB|MDICLIEN ACBP=A9
 0002:00029A98 00003A40 C=DATA    S=_DATA    G=DGROUP   M=C:\FWH804\LIB\FIVEHX.LIB|MENU ACBP=A9
 0002:0002D4D8 00001B28 C=DATA    S=_DATA    G=DGROUP   M=C:\FWH804\LIB\FIVEHX.LIB|MENUITEM ACBP=A9
 0002:0002F000 00003524 C=DATA    S=_DATA    G=DGROUP   M=C:\FWH804\LIB\FIVEHX.LIB|MGET ACBP=A9
 0002:00032524 000004B0 C=DATA    S=_DATA    G=DGROUP   M=C:\FWH804\LIB\FIVEHX.LIB|MSGRUN ACBP=A9
 0002:000329D4 000004D0 C=DATA    S=_DATA    G=DGROUP   M=C:\FWH804\LIB\FIVEHX.LIB|PDMENU ACBP=A9
 0002:00032EA4 00000340 C=DATA    S=_DATA    G=DGROUP   M=C:\FWH804\LIB\FIVEHX.LIB|PDREPORT ACBP=A9
 0002:000331E4 0000052C C=DATA    S=_DATA    G=DGROUP   M=C:\FWH804\LIB\FIVEHX.LIB|PEN ACBP=A9
 0002:00033710 000035AC C=DATA    S=_DATA    G=DGROUP   M=C:\FWH804\LIB\FIVEHX.LIB|PRINTER ACBP=A9
 0002:00036CBC 000011BC C=DATA    S=_DATA    G=DGROUP   M=C:\FWH804\LIB\FIVEHX.LIB|RADIO ACBP=A9
 0002:00037E78 00000FEC C=DATA    S=_DATA    G=DGROUP   M=C:\FWH804\LIB\FIVEHX.LIB|RADMENU ACBP=A9
 0002:00038E64 00000670 C=DATA    S=_DATA    G=DGROUP   M=C:\FWH804\LIB\FIVEHX.LIB|REBAR ACBP=A9
 0002:000394D4 00000CF4 C=DATA    S=_DATA    G=DGROUP   M=C:\FWH804\LIB\FIVEHX.LIB|RFILE ACBP=A9
 0002:0003A1C8 000010A0 C=DATA    S=_DATA    G=DGROUP   M=C:\FWH804\LIB\FIVEHX.LIB|RGROUP ACBP=A9
 0002:0003B268 00000DA8 C=DATA    S=_DATA    G=DGROUP   M=C:\FWH804\LIB\FIVEHX.LIB|RLINE ACBP=A9
 0002:0003C010 00000460 C=DATA    S=_DATA    G=DGROUP   M=C:\FWH804\LIB\FIVEHX.LIB|RECT ACBP=A9
 0002:0003C470 0000114C C=DATA    S=_DATA    G=DGROUP   M=C:\FWH804\LIB\FIVEHX.LIB|REG32 ACBP=A9
 0002:0003D5BC 0000557C C=DATA    S=_DATA    G=DGROUP   M=C:\FWH804\LIB\FIVEHX.LIB|RPREVIEW ACBP=A9
 0002:00042B38 00001398 C=DATA    S=_DATA    G=DGROUP   M=C:\FWH804\LIB\FIVEHX.LIB|SAY ACBP=A9
 0002:00043ED0 000016A8 C=DATA    S=_DATA    G=DGROUP   M=C:\FWH804\LIB\FIVEHX.LIB|SCRLLBAR ACBP=A9
 0002:00045578 00000F1C C=DATA    S=_DATA    G=DGROUP   M=C:\FWH804\LIB\FIVEHX.LIB|STATUSBA ACBP=A9
 0002:00046494 0000063C C=DATA    S=_DATA    G=DGROUP   M=C:\FWH804\LIB\FIVEHX.LIB|TACCTBL ACBP=A9
 0002:00046AD0 000002C4 C=DATA    S=_DATA    G=DGROUP   M=C:\FWH804\LIB\FIVEHX.LIB|TCLIPGET ACBP=A9
 0002:00046D94 000015A8 C=DATA    S=_DATA    G=DGROUP   M=C:\FWH804\LIB\FIVEHX.LIB|TOOLBAR ACBP=A9
 0002:0004833C 000007D0 C=DATA    S=_DATA    G=DGROUP   M=C:\FWH804\LIB\FIVEHX.LIB|TIMAGLST ACBP=A9
 0002:00048B0C 00000794 C=DATA    S=_DATA    G=DGROUP   M=C:\FWH804\LIB\FIVEHX.LIB|TIMER ACBP=A9
 0002:000492A0 00001CDC C=DATA    S=_DATA    G=DGROUP   M=C:\FWH804\LIB\FIVEHX.LIB|TMETAFIL ACBP=A9
 0002:0004AF7C 00001184 C=DATA    S=_DATA    G=DGROUP   M=C:\FWH804\LIB\FIVEHX.LIB|TMSGITEM ACBP=A9
 0002:0004C100 00000DC8 C=DATA    S=_DATA    G=DGROUP   M=C:\FWH804\LIB\FIVEHX.LIB|TStruct ACBP=A9
 0002:0004CEC8 00000290 C=DATA    S=_DATA    G=DGROUP   M=C:\FWH804\LIB\FIVEHX.LIB|VALBLANK ACBP=A9
 0002:0004D158 00000234 C=DATA    S=_DATA    G=DGROUP   M=C:\FWH804\LIB\FIVEHX.LIB|XPAD ACBP=A9
 0002:0004D38C 0000568C C=DATA    S=_DATA    G=DGROUP   M=C:\FWH804\LIB\FIVEHX.LIB|TGET ACBP=A9
 0002:00052A18 00001D04 C=DATA    S=_DATA    G=DGROUP   M=C:\FWH804\LIB\FIVEHX.LIB|ERRSYSW ACBP=A9
 0002:0005471C 0000A2B8 C=DATA    S=_DATA    G=DGROUP   M=C:\FWH804\LIB\FIVEHX.LIB|WINDOW ACBP=A9
 0002:0005E9D4 000016CC C=DATA    S=_DATA    G=DGROUP   M=C:\FWH804\LIB\FIVEHX.LIB|MDIFRAME ACBP=A9
 0002:000600A0 00003C4C C=DATA    S=_DATA    G=DGROUP   M=C:\FWH804\LIB\FIVEHX.LIB|BTNBMP ACBP=A9
 0002:00063CEC 00000858 C=DATA    S=_DATA    G=DGROUP   M=C:\FWH804\LIB\FIVEHX.LIB|HELP32 ACBP=A9
 0002:00064544 00007E94 C=DATA    S=_DATA    G=DGROUP   M=C:\FWH804\LIB\FIVEHX.LIB|WBROWSE ACBP=A9
 0002:0006C3D8 00002974 C=DATA    S=_DATA    G=DGROUP   M=C:\FWH804\LIB\FIVEHX.LIB|MSGBAR ACBP=A9
 0002:0006ED4C 0000187C C=DATA    S=_DATA    G=DGROUP   M=C:\FWH804\LIB\FIVEHX.LIB|RCOLUMN ACBP=A9
 0002:000705C8 00006030 C=DATA    S=_DATA    G=DGROUP   M=C:\FWH804\LIB\FIVEHX.LIB|REPORT ACBP=A9
 0002:000765F8 00004D78 C=DATA    S=_DATA    G=DGROUP   M=C:\FWH804\LIB\FIVEHX.LIB|CONTROL ACBP=A9
 0002:0007B370 00000554 C=DATA    S=_DATA    G=DGROUP   M=C:\FWH804\LIB\FIVEHX.LIB|HELPCHM ACBP=A9
 0002:0007B8C4 000003D4 C=DATA    S=_DATA    G=DGROUP   M=C:\FWH804\LIB\FIVEHC.LIB|ACTX ACBP=A9
 0002:0007BC98 0000000C C=DATA    S=_DATA    G=DGROUP   M=C:\FWH804\LIB\FIVEHC.LIB|BARTOOLS ACBP=A9
 0002:0007BCA4 00000010 C=DATA    S=_DATA    G=DGROUP   M=C:\FWH804\LIB\FIVEHC.LIB|BMPDRAW ACBP=A9
 0002:0007BCB4 00000004 C=DATA    S=_DATA    G=DGROUP   M=C:\FWH804\LIB\FIVEHC.LIB|BMPREAD ACBP=A9
 0002:0007BCB8 0000181C C=DATA    S=_DATA    G=DGROUP   M=C:\FWH804\LIB\FIVEHC.LIB|BRUSHES ACBP=A9
 0002:0007D4D4 00000006 C=DATA    S=_DATA    G=DGROUP   M=C:\FWH804\LIB\FIVEHC.LIB|CALLDLL ACBP=A9
 0002:0007D4DC 0000006C C=DATA    S=_DATA    G=DGROUP   M=C:\FWH804\LIB\FIVEHC.LIB|CALDLL32 ACBP=A9
 0002:0007D548 00000004 C=DATA    S=_DATA    G=DGROUP   M=C:\FWH804\LIB\FIVEHC.LIB|CLPBRD ACBP=A9
 0002:0007D54C 00000008 C=DATA    S=_DATA    G=DGROUP   M=C:\FWH804\LIB\FIVEHC.LIB|CREATEPA ACBP=A9
 0002:0007D554 00000008 C=DATA    S=_DATA    G=DGROUP   M=C:\FWH804\LIB\FIVEHC.LIB|CREATESO ACBP=A9
 0002:0007D55C 00000098 C=DATA    S=_DATA    G=DGROUP   M=C:\FWH804\LIB\FIVEHC.LIB|CTL3D ACBP=A9
 0002:0007D5F4 00000288 C=DATA    S=_DATA    G=DGROUP   M=C:\FWH804\LIB\FIVEHC.LIB|CTLHDLEH ACBP=A9
 0002:0007D87C 00000004 C=DATA    S=_DATA    G=DGROUP   M=C:\FWH804\LIB\FIVEHC.LIB|CTRL2CHR ACBP=A9
 0002:0007D880 00000448 C=DATA    S=_DATA    G=DGROUP   M=C:\FWH804\LIB\FIVEHC.LIB|CURSORS ACBP=A9
 0002:0007DCC8 00000004 C=DATA    S=_DATA    G=DGROUP   M=C:\FWH804\LIB\FIVEHC.LIB|DIB ACBP=A9
 0002:0007DCCC 00000008 C=DATA    S=_DATA    G=DGROUP   M=C:\FWH804\LIB\FIVEHC.LIB|DLGBOX ACBP=A9
 0002:0007DCD4 00000004 C=DATA    S=_DATA    G=DGROUP   M=C:\FWH804\LIB\FIVEHC.LIB|DRAWITEM ACBP=A9
 0002:0007DCD8 00000018 C=DATA    S=_DATA    G=DGROUP   M=C:\FWH804\LIB\FIVEHC.LIB|FINDTEXT ACBP=A9
 0002:0007DCF0 00000010 C=DATA    S=_DATA    G=DGROUP   M=C:\FWH804\LIB\FIVEHC.LIB|FONTS ACBP=A9
 0002:0007DD00 00000004 C=DATA    S=_DATA    G=DGROUP   M=C:\FWH804\LIB\FIVEHC.LIB|FTEXT ACBP=A9
 0002:0007DD04 00000010 C=DATA    S=_DATA    G=DGROUP   M=C:\FWH804\LIB\FIVEHC.LIB|FWBMP ACBP=A9
 0002:0007DD14 00000024 C=DATA    S=_DATA    G=DGROUP   M=C:\FWH804\LIB\FIVEHC.LIB|FFDLGPRC ACBP=A9
 0002:0007DD38 00000022 C=DATA    S=_DATA    G=DGROUP   M=C:\FWH804\LIB\FIVEHC.LIB|FWPALCTL ACBP=A9
 0002:0007DD5C 0000000C C=DATA    S=_DATA    G=DGROUP   M=C:\FWH804\LIB\FIVEHC.LIB|FFWNDRUN ACBP=A9
 0002:0007DD68 00000028 C=DATA    S=_DATA    G=DGROUP   M=C:\FWH804\LIB\FIVEHC.LIB|GETFILE ACBP=A9
 0002:0007DD90 00000004 C=DATA    S=_DATA    G=DGROUP   M=C:\FWH804\LIB\FIVEHC.LIB|GETTEXT ACBP=A9
 0002:0007DD94 0000000D C=DATA    S=_DATA    G=DGROUP   M=C:\FWH804\LIB\FIVEHC.LIB|HANDLIST ACBP=A9
 0002:0007DDA4 0000000C C=DATA    S=_DATA    G=DGROUP   M=C:\FWH804\LIB\FIVEHC.LIB|HARBOURC ACBP=A9
 0002:0007DDB0 00000004 C=DATA    S=_DATA    G=DGROUP   M=C:\FWH804\LIB\FIVEHC.LIB|HELP ACBP=A9
 0002:0007DDB4 00000010 C=DATA    S=_DATA    G=DGROUP   M=C:\FWH804\LIB\FIVEHC.LIB|ICONS ACBP=A9
 0002:0007DDC4 000000A0 C=DATA    S=_DATA    G=DGROUP   M=C:\FWH804\LIB\FIVEHC.LIB|IMAGELIS ACBP=A9
 0002:0007DE64 00000004 C=DATA    S=_DATA    G=DGROUP   M=C:\FWH804\LIB\FIVEHC.LIB|INSTANCE ACBP=A9
 0002:0007DE68 00000004 C=DATA    S=_DATA    G=DGROUP   M=C:\FWH804\LIB\FIVEHC.LIB|LBX ACBP=A9
 0002:0007DE6C 00000004 C=DATA    S=_DATA    G=DGROUP   M=C:\FWH804\LIB\FIVEHC.LIB|LOADBMP ACBP=A9
 0002:0007DE70 000000A8 C=DATA    S=_DATA    G=DGROUP   M=C:\FWH804\LIB\FIVEHC.LIB|METAFI32 ACBP=A9
 0002:0007DF18 00000008 C=DATA    S=_DATA    G=DGROUP   M=C:\FWH804\LIB\FIVEHC.LIB|MGETCREA ACBP=A9
 0002:0007DF20 000000B0 C=DATA    S=_DATA    G=DGROUP   M=C:\FWH804\LIB\FIVEHC.LIB|MSGS ACBP=A9
 0002:0007DFD0 00000004 C=DATA    S=_DATA    G=DGROUP   M=C:\FWH804\LIB\FIVEHC.LIB|MSGTOOLS ACBP=A9
 0002:0007DFD4 00000004 C=DATA    S=_DATA    G=DGROUP   M=C:\FWH804\LIB\FIVEHC.LIB|OEMANSI ACBP=A9
 0002:0007DFD8 000001A4 C=DATA    S=_DATA    G=DGROUP   M=C:\FWH804\LIB\FIVEHC.LIB|ole ACBP=A9
 0002:0007E17C 00000004 C=DATA    S=_DATA    G=DGROUP   M=C:\FWH804\LIB\FIVEHC.LIB|OR ACBP=A9
 0002:0007E180 00000018 C=DATA    S=_DATA    G=DGROUP   M=C:\FWH804\LIB\FIVEHC.LIB|PRINTDC ACBP=A9
 0002:0007E198 00000004 C=DATA    S=_DATA    G=DGROUP   M=C:\FWH804\LIB\FIVEHC.LIB|PROFILE ACBP=A9
 0002:0007E19C 00000010 C=DATA    S=_DATA    G=DGROUP   M=C:\FWH804\LIB\FIVEHC.LIB|RECTS ACBP=A9
 0002:0007E1AC 00000028 C=DATA    S=_DATA    G=DGROUP   M=C:\FWH804\LIB\FIVEHC.LIB|RESCHECK ACBP=A9
 0002:0007E1D4 00000008 C=DATA    S=_DATA    G=DGROUP   M=C:\FWH804\LIB\FIVEHC.LIB|RESOURCE ACBP=A9
 0002:0007E1DC 00000018 C=DATA    S=_DATA    G=DGROUP   M=C:\FWH804\LIB\FIVEHC.LIB|SCROLL ACBP=A9
 0002:0007E1F4 00000004 C=DATA    S=_DATA    G=DGROUP   M=C:\FWH804\LIB\FIVEHC.LIB|SETTEXT ACBP=A9
 0002:0007E1F8 00000198 C=DATA    S=_DATA    G=DGROUP   M=C:\FWH804\LIB\FIVEHC.LIB|THEMES ACBP=A9
 0002:0007E390 00000014 C=DATA    S=_DATA    G=DGROUP   M=C:\FWH804\LIB\FIVEHC.LIB|TOOLBARS ACBP=A9
 0002:0007E3A4 00000014 C=DATA    S=_DATA    G=DGROUP   M=C:\FWH804\LIB\FIVEHC.LIB|TOOLTIP ACBP=A9
 0002:0007E3B8 00000004 C=DATA    S=_DATA    G=DGROUP   M=C:\FWH804\LIB\FIVEHC.LIB|WBRWLINE ACBP=A9
 0002:0007E3B8 00000018 C=DATA    S=_DATA    G=DGROUP   M=C:\FWH804\LIB\FIVEHC.LIB|WMOUSE ACBP=A9
 0002:0007E3D0 00000048 C=DATA    S=_DATA    G=DGROUP   M=C:\FWH804\LIB\FIVEHC.LIB|WNDMOVE ACBP=A9
 0002:0007E418 00000014 C=DATA    S=_DATA    G=DGROUP   M=C:\FWH804\LIB\FIVEHC.LIB|WNDRUN ACBP=A9
 0002:0007E42C 00000018 C=DATA    S=_DATA    G=DGROUP   M=C:\FWH804\LIB\FIVEHC.LIB|__WNDPRO ACBP=A9
 0002:0007E444 00000015 C=DATA    S=_DATA    G=DGROUP   M=C:\FWH804\LIB\FIVEHC.LIB|ANIGIF ACBP=A9
 0002:0007E458 0000007C C=DATA    S=_DATA    G=DGROUP   M=C:\FWH804\LIB\FIVEHC.LIB|DEVICE ACBP=A9
 0002:0007E4D4 00000004 C=DATA    S=_DATA    G=DGROUP   M=C:\XHB804\LIB\RTL.LIB|abs ACBP=A9
 0002:0007E4D8 0000000C C=DATA    S=_DATA    G=DGROUP   M=C:\XHB804\LIB\RTL.LIB|at ACBP=A9
 0002:0007E4E4 00000010 C=DATA    S=_DATA    G=DGROUP   M=C:\XHB804\LIB\RTL.LIB|bkgtsks ACBP=A9
 0002:0007E4F4 00000364 C=DATA    S=_DATA    G=DGROUP   M=C:\XHB804\LIB\RTL.LIB|cdpapi ACBP=A9
 0002:0007E858 00000008 C=DATA    S=_DATA    G=DGROUP   M=C:\XHB804\LIB\RTL.LIB|chrasc ACBP=A9
 0002:0007E860 00000004 C=DATA    S=_DATA    G=DGROUP   M=C:\XHB804\LIB\RTL.LIB|colorind ACBP=A9
 0002:0007E864 00000038 C=DATA    S=_DATA    G=DGROUP   M=C:\XHB804\LIB\RTL.LIB|console ACBP=A9
 0002:0007E89C 00000010 C=DATA    S=_DATA    G=DGROUP   M=C:\XHB804\LIB\RTL.LIB|datec ACBP=A9
 0002:0007E8AC 00000054 C=DATA    S=_DATA    G=DGROUP   M=C:\XHB804\LIB\RTL.LIB|dateshb ACBP=A9
 0002:0007E900 00000098 C=DATA    S=_DATA    G=DGROUP   M=C:\XHB804\LIB\RTL.LIB|direct ACBP=A9
 0002:0007E998 00000018 C=DATA    S=_DATA    G=DGROUP   M=C:\XHB804\LIB\RTL.LIB|filesys ACBP=A9
 0002:0007E9B0 00000004 C=DATA    S=_DATA    G=DGROUP   M=C:\XHB804\LIB\RTL.LIB|fserror ACBP=A9
 0002:0007E9B4 000000C4 C=DATA    S=_DATA    G=DGROUP   M=C:\XHB804\LIB\RTL.LIB|fparse ACBP=A9
 0002:0007EA78 00000004 C=DATA    S=_DATA    G=DGROUP   M=C:\XHB804\LIB\RTL.LIB|fstemp ACBP=A9
 0002:0007EA7C 00000004 C=DATA    S=_DATA    G=DGROUP   M=C:\XHB804\LIB\RTL.LIB|gete ACBP=A9
 0002:0007EA80 0000001C C=DATA    S=_DATA    G=DGROUP   M=C:\XHB804\LIB\RTL.LIB|gtapi ACBP=A9
 0002:0007EA9C 00000060 C=DATA    S=_DATA    G=DGROUP   M=C:\XHB804\LIB\RTL.LIB|hbbitf ACBP=A9
 0002:0007EAFC 00000020 C=DATA    S=_DATA    G=DGROUP   M=C:\XHB804\LIB\RTL.LIB|hbffind ACBP=A9
 0002:0007EB1C 0000029C C=DATA    S=_DATA    G=DGROUP   M=C:\XHB804\LIB\RTL.LIB|hbgtcore ACBP=A9
 0002:0007EDB8 00000024 C=DATA    S=_DATA    G=DGROUP   M=C:\XHB804\LIB\RTL.LIB|hbhex2n ACBP=A9
 0002:0007EDDC 00000004 C=DATA    S=_DATA    G=DGROUP   M=C:\XHB804\LIB\RTL.LIB|hbrandom ACBP=A9
 0002:0007EDE0 0000002C C=DATA    S=_DATA    G=DGROUP   M=C:\XHB804\LIB\RTL.LIB|hbtoken ACBP=A9
 0002:0007EE0C 00000018 C=DATA    S=_DATA    G=DGROUP   M=C:\XHB804\LIB\RTL.LIB|idle ACBP=A9
 0002:0007EE24 0000000C C=DATA    S=_DATA    G=DGROUP   M=C:\XHB804\LIB\RTL.LIB|inkey ACBP=A9
 0002:0007EE30 00000060 C=DATA    S=_DATA    G=DGROUP   M=C:\XHB804\LIB\RTL.LIB|langapi ACBP=A9
 0002:0007EE90 00000008 C=DATA    S=_DATA    G=DGROUP   M=C:\XHB804\LIB\RTL.LIB|left ACBP=A9
 0002:0007EE98 00000004 C=DATA    S=_DATA    G=DGROUP   M=C:\XHB804\LIB\RTL.LIB|len ACBP=A9
 0002:0007EE9C 00000154 C=DATA    S=_DATA    G=DGROUP   M=C:\XHB804\LIB\RTL.LIB|math ACBP=A9
 0002:0007EFF0 00000004 C=DATA    S=_DATA    G=DGROUP   M=C:\XHB804\LIB\RTL.LIB|memofile ACBP=A9
 0002:0007EFF4 00000008 C=DATA    S=_DATA    G=DGROUP   M=C:\XHB804\LIB\RTL.LIB|minmax ACBP=A9
 0002:0007EFFC 00000004 C=DATA    S=_DATA    G=DGROUP   M=C:\XHB804\LIB\RTL.LIB|padc ACBP=A9
 0002:0007F000 00000004 C=DATA    S=_DATA    G=DGROUP   M=C:\XHB804\LIB\RTL.LIB|padl ACBP=A9
 0002:0007F004 00000004 C=DATA    S=_DATA    G=DGROUP   M=C:\XHB804\LIB\RTL.LIB|padr ACBP=A9
 0002:0007F008 000000E0 C=DATA    S=_DATA    G=DGROUP   M=C:\XHB804\LIB\RTL.LIB|philes ACBP=A9
 0002:0007F0E8 00000020 C=DATA    S=_DATA    G=DGROUP   M=C:\XHB804\LIB\RTL.LIB|philesx ACBP=A9
 0002:0007F108 000000EC C=DATA    S=_DATA    G=DGROUP   M=C:\XHB804\LIB\RTL.LIB|regex ACBP=A9
 0002:0007F1F4 0000000C C=DATA    S=_DATA    G=DGROUP   M=C:\XHB804\LIB\RTL.LIB|replic ACBP=A9
 0002:0007F200 00000004 C=DATA    S=_DATA    G=DGROUP   M=C:\XHB804\LIB\RTL.LIB|right ACBP=A9
 0002:0007F204 0000000C C=DATA    S=_DATA    G=DGROUP   M=C:\XHB804\LIB\RTL.LIB|round ACBP=A9
 0002:0007F210 00000008 C=DATA    S=_DATA    G=DGROUP   M=C:\XHB804\LIB\RTL.LIB|seconds ACBP=A9
 0002:0007F218 000000A8 C=DATA    S=_DATA    G=DGROUP   M=C:\XHB804\LIB\RTL.LIB|set ACBP=A9
 0002:0007F2C0 00000004 C=DATA    S=_DATA    G=DGROUP   M=C:\XHB804\LIB\RTL.LIB|setcolor ACBP=A9
 0002:0007F2C4 00000008 C=DATA    S=_DATA    G=DGROUP   M=C:\XHB804\LIB\RTL.LIB|space ACBP=A9
 0002:0007F2CC 00000004 C=DATA    S=_DATA    G=DGROUP   M=C:\XHB804\LIB\RTL.LIB|spfiles ACBP=A9
 0002:0007F2D0 00000004 C=DATA    S=_DATA    G=DGROUP   M=C:\XHB804\LIB\RTL.LIB|str ACBP=A9
 0002:0007F2D4 0000000C C=DATA    S=_DATA    G=DGROUP   M=C:\XHB804\LIB\RTL.LIB|strcase ACBP=A9
 0002:0007F2E0 00000004 C=DATA    S=_DATA    G=DGROUP   M=C:\XHB804\LIB\RTL.LIB|strdel ACBP=A9
 0002:0007F2E4 0000000C C=DATA    S=_DATA    G=DGROUP   M=C:\XHB804\LIB\RTL.LIB|strtran ACBP=A9
 0002:0007F2F0 0000000C C=DATA    S=_DATA    G=DGROUP   M=C:\XHB804\LIB\RTL.LIB|strzero ACBP=A9
 0002:0007F2FC 00000004 C=DATA    S=_DATA    G=DGROUP   M=C:\XHB804\LIB\RTL.LIB|stuff ACBP=A9
 0002:0007F300 00000008 C=DATA    S=_DATA    G=DGROUP   M=C:\XHB804\LIB\RTL.LIB|substr ACBP=A9
 0002:0007F308 000000C0 C=DATA    S=_DATA    G=DGROUP   M=C:\XHB804\LIB\RTL.LIB|tprinter ACBP=A9
 0002:0007F3C8 00000030 C=DATA    S=_DATA    G=DGROUP   M=C:\XHB804\LIB\RTL.LIB|trace ACBP=A9
 0002:0007F3F8 00000184 C=DATA    S=_DATA    G=DGROUP   M=C:\XHB804\LIB\RTL.LIB|transfrm ACBP=A9
 0002:0007F57C 00000010 C=DATA    S=_DATA    G=DGROUP   M=C:\XHB804\LIB\RTL.LIB|trim ACBP=A9
 0002:0007F58C 0000000C C=DATA    S=_DATA    G=DGROUP   M=C:\XHB804\LIB\RTL.LIB|txtline ACBP=A9
 0002:0007F598 00000008 C=DATA    S=_DATA    G=DGROUP   M=C:\XHB804\LIB\RTL.LIB|type ACBP=A9
 0002:0007F5A0 00000004 C=DATA    S=_DATA    G=DGROUP   M=C:\XHB804\LIB\RTL.LIB|val ACBP=A9
 0002:0007F5A4 0000000C C=DATA    S=_DATA    G=DGROUP   M=C:\XHB804\LIB\RTL.LIB|valtype ACBP=A9
 0002:0007F5B0 00000058 C=DATA    S=_DATA    G=DGROUP   M=C:\XHB804\LIB\RTL.LIB|version ACBP=A9
 0002:0007F608 00000008 C=DATA    S=_DATA    G=DGROUP   M=C:\XHB804\LIB\RTL.LIB|word ACBP=A9
 0002:0007F610 00000008 C=DATA    S=_DATA    G=DGROUP   M=C:\XHB804\LIB\RTL.LIB|xhelp ACBP=A9
 0002:0007F618 00000004 C=DATA    S=_DATA    G=DGROUP   M=C:\XHB804\LIB\RTL.LIB|xsavescr ACBP=A9
 0002:0007F61C 00000FBC C=DATA    S=_DATA    G=DGROUP   M=C:\XHB804\LIB\RTL.LIB|cstr ACBP=A9
 0002:000805D8 000000D8 C=DATA    S=_DATA    G=DGROUP   M=C:\XHB804\LIB\RTL.LIB|memvarbl ACBP=A9
 0002:000806B0 0000110C C=DATA    S=_DATA    G=DGROUP   M=C:\XHB804\LIB\RTL.LIB|objfunc ACBP=A9
 0002:000817BC 000018A0 C=DATA    S=_DATA    G=DGROUP   M=C:\XHB804\LIB\RTL.LIB|tclass ACBP=A9
 0002:0008305C 000005A0 C=DATA    S=_DATA    G=DGROUP   M=C:\XHB804\LIB\RTL.LIB|terror ACBP=A9
 0002:000835FC 00006884 C=DATA    S=_DATA    G=DGROUP   M=C:\XHB804\LIB\RTL.LIB|tget ACBP=A9
 0002:00089E80 000003B4 C=DATA    S=_DATA    G=DGROUP   M=C:\XHB804\LIB\RTL.LIB|tgetint ACBP=A9
 0002:0008A234 00000C48 C=DATA    S=_DATA    G=DGROUP   M=C:\XHB804\LIB\RTL.LIB|tobject ACBP=A9
 0002:0008AE7C 000004B8 C=DATA    S=_DATA    G=DGROUP   M=C:\XHB804\LIB\RTL.LIB|traceprg ACBP=A9
 0002:0008B334 0000002C C=DATA    S=_DATA    G=DGROUP   M=C:\XHB804\LIB\VM.LIB|arrays ACBP=A9
 0002:0008B360 000001CC C=DATA    S=_DATA    G=DGROUP   M=C:\XHB804\LIB\VM.LIB|arrayshb ACBP=A9
 0002:0008B52C 00000534 C=DATA    S=_DATA    G=DGROUP   M=C:\XHB804\LIB\VM.LIB|classes ACBP=A9
 0002:0008BA60 0000002C C=DATA    S=_DATA    G=DGROUP   M=C:\XHB804\LIB\VM.LIB|classesc ACBP=A9
 0002:0008BA8C 000000E4 C=DATA    S=_DATA    G=DGROUP   M=C:\XHB804\LIB\VM.LIB|cmdarg ACBP=A9
 0002:0008BB70 00000034 C=DATA    S=_DATA    G=DGROUP   M=C:\XHB804\LIB\VM.LIB|codebloc ACBP=A9
 0002:0008BBA4 00000038 C=DATA    S=_DATA    G=DGROUP   M=C:\XHB804\LIB\VM.LIB|debug ACBP=A9
 0002:0008BBDC 0000001C C=DATA    S=_DATA    G=DGROUP   M=C:\XHB804\LIB\VM.LIB|dynsym ACBP=A9
 0002:0008BBF8 00000240 C=DATA    S=_DATA    G=DGROUP   M=C:\XHB804\LIB\VM.LIB|errorapi ACBP=A9
 0002:0008BE38 00000194 C=DATA    S=_DATA    G=DGROUP   M=C:\XHB804\LIB\VM.LIB|estack ACBP=A9
 0002:0008BFCC 0000001C C=DATA    S=_DATA    G=DGROUP   M=C:\XHB804\LIB\VM.LIB|eval ACBP=A9
 0002:0008BFE8 00000008 C=DATA    S=_DATA    G=DGROUP   M=C:\XHB804\LIB\VM.LIB|evalhb ACBP=A9
 0002:0008BFF0 00000004 C=DATA    S=_DATA    G=DGROUP   M=C:\XHB804\LIB\VM.LIB|extend ACBP=A9
 0002:0008BFF4 00000044 C=DATA    S=_DATA    G=DGROUP   M=C:\XHB804\LIB\VM.LIB|garbage ACBP=A9
 0002:0008C038 00000328 C=DATA    S=_DATA    G=DGROUP   M=C:\XHB804\LIB\VM.LIB|hash ACBP=A9
 0002:0008C360 000000E0 C=DATA    S=_DATA    G=DGROUP   M=C:\XHB804\LIB\VM.LIB|hbi18n ACBP=A9
 0002:0008C440 00000A90 C=DATA    S=_DATA    G=DGROUP   M=C:\XHB804\LIB\VM.LIB|hvm ACBP=A9
 0002:0008CED0 00000568 C=DATA    S=_DATA    G=DGROUP   M=C:\XHB804\LIB\VM.LIB|initsymb ACBP=A9
 0002:0008D438 00000034 C=DATA    S=_DATA    G=DGROUP   M=C:\XHB804\LIB\VM.LIB|itemapi ACBP=A9
 0002:0008D46C 000000A8 C=DATA    S=_DATA    G=DGROUP   M=C:\XHB804\LIB\VM.LIB|fastitem ACBP=A9
 0002:0008D514 00000028 C=DATA    S=_DATA    G=DGROUP   M=C:\XHB804\LIB\VM.LIB|macro ACBP=A9
 0002:0008D53C 00000008 C=DATA    S=_DATA    G=DGROUP   M=C:\XHB804\LIB\VM.LIB|mainwin ACBP=A9
 0002:0008D544 0000012C C=DATA    S=_DATA    G=DGROUP   M=C:\XHB804\LIB\VM.LIB|memvars ACBP=A9
 0002:0008D670 0000005C C=DATA    S=_DATA    G=DGROUP   M=C:\XHB804\LIB\VM.LIB|proc ACBP=A9
 0002:0008D6CC 00000008 C=DATA    S=_DATA    G=DGROUP   M=C:\XHB804\LIB\VM.LIB|throw ACBP=A9
 0002:0008D6D4 00000450 C=DATA    S=_DATA    G=DGROUP   M=C:\XHB804\LIB\VM.LIB|harbinit ACBP=A9
 0002:0008DB24 00000988 C=DATA    S=_DATA    G=DGROUP   M=C:\XHB804\LIB\LANG.LIB|msgen ACBP=A9
 0002:0008E4AC 000030DC C=DATA    S=_DATA    G=DGROUP   M=C:\XHB804\LIB\MACRO.LIB|macroy ACBP=A9
 0002:00091588 0000003F C=DATA    S=_DATA    G=DGROUP   M=C:\XHB804\LIB\MACRO.LIB|macroa ACBP=A9
 0002:000915C8 00000170 C=DATA    S=_DATA    G=DGROUP   M=C:\XHB804\LIB\MACRO.LIB|macrob ACBP=A9
 0002:00091738 00000CE8 C=DATA    S=_DATA    G=DGROUP   M=C:\XHB804\LIB\MACRO.LIB|macroslx ACBP=A9
 0002:00092420 00000294 C=DATA    S=_DATA    G=DGROUP   M=C:\XHB804\LIB\RDD.LIB|dbcmd ACBP=A9
 0002:000926B4 000001D8 C=DATA    S=_DATA    G=DGROUP   M=C:\XHB804\LIB\RDD.LIB|workarea ACBP=A9
 0002:0009288C 00000070 C=DATA    S=_DATA    G=DGROUP   M=C:\XHB804\LIB\RDD.LIB|wacore ACBP=A9
 0002:000928FC 00000040 C=DATA    S=_DATA    G=DGROUP   M=C:\XHB804\LIB\RDD.LIB|wafunc ACBP=A9
 0002:0009293C 00000214 C=DATA    S=_DATA    G=DGROUP   M=C:\XHB804\LIB\RDD.LIB|dbf1 ACBP=A9
 0002:00092B50 00000300 C=DATA    S=_DATA    G=DGROUP   M=C:\XHB804\LIB\RDD.LIB|rddord ACBP=A9
 0002:00092E50 00000068 C=DATA    S=_DATA    G=DGROUP   M=C:\XHB804\LIB\RDD.LIB|rddsys ACBP=A9
 0002:00092EB8 00000498 C=DATA    S=_DATA    G=DGROUP   M=C:\XHB804\LIB\DBFNTX.LIB|dbfntx1 ACBP=A9
 0002:00093350 0000027C C=DATA    S=_DATA    G=DGROUP   M=C:\XHB804\LIB\DBFFPT.LIB|dbffpt1 ACBP=A9
 0002:000935CC 00000008 C=DATA    S=_DATA    G=DGROUP   M=C:\XHB804\LIB\COMMON.LIB|hbfsapi ACBP=A9
 0002:000935D4 00000688 C=DATA    S=_DATA    G=DGROUP   M=C:\XHB804\LIB\COMMON.LIB|hbstr ACBP=A9
 0002:00093C5C 000000C0 C=DATA    S=_DATA    G=DGROUP   M=C:\XHB804\LIB\COMMON.LIB|hbtrace ACBP=A9
 0002:00093D1C 00001048 C=DATA    S=_DATA    G=DGROUP   M=C:\XHB804\LIB\COMMON.LIB|hbver ACBP=A9
 0002:00094D64 000001BC C=DATA    S=_DATA    G=DGROUP   M=C:\XHB804\LIB\COMMON.LIB|expropt1 ACBP=A9
 0002:00094F20 0000025C C=DATA    S=_DATA    G=DGROUP   M=C:\XHB804\LIB\COMMON.LIB|reserved ACBP=A9
 0002:0009517C 00000088 C=DATA    S=_DATA    G=DGROUP   M=C:\XHB804\LIB\COMMON.LIB|hbdate ACBP=A9
 0002:00095204 00000440 C=DATA    S=_DATA    G=DGROUP   M=C:\XHB804\LIB\PCREPOS.LIB|pcre_chartables ACBP=A9
 0002:00095644 00000C40 C=DATA    S=_DATA    G=DGROUP   M=C:\XHB804\LIB\PCREPOS.LIB|pcre_compile ACBP=A9
 0002:00096284 0000000C C=DATA    S=_DATA    G=DGROUP   M=C:\XHB804\LIB\PCREPOS.LIB|pcre_exec ACBP=A9
 0002:00096290 00000014 C=DATA    S=_DATA    G=DGROUP   M=C:\XHB804\LIB\PCREPOS.LIB|pcre_globals ACBP=A9
 0002:000962A4 00000070 C=DATA    S=_DATA    G=DGROUP   M=C:\XHB804\LIB\PCREPOS.LIB|pcre_tables ACBP=A9
 0002:00096314 00000294 C=DATA    S=_DATA    G=DGROUP   M=C:\XHB804\LIB\PCREPOS.LIB|pcreposix ACBP=A9
 0002:000965A8 00000EEC C=DATA    S=_DATA    G=DGROUP   M=C:\XHB804\LIB\DBFCDX.LIB|dbfcdx1 ACBP=A9
 0002:00097494 0000005C C=DATA    S=_DATA    G=DGROUP   M=C:\BCC56\LIB\CW32.LIB|new ACBP=A9
 0002:000974F0 00000088 C=DATA    S=_DATA    G=DGROUP   M=C:\BCC56\LIB\CW32.LIB|setnew ACBP=A9
 0002:00097564 00000004 C=DATA    S=_DATA    G=DGROUP   M=C:\BCC56\LIB\CW32.LIB|virtmem ACBP=A9
 0002:00097568 00000098 C=DATA    S=_DATA    G=DGROUP   M=C:\BCC56\LIB\CW32.LIB|hrdir_b ACBP=A9
 0002:00097600 00000020 C=DATA    S=_DATA    G=DGROUP   M=C:\BCC56\LIB\CW32.LIB|hrdir_s ACBP=A9
 0002:00097620 00000040 C=DATA    S=_DATA    G=DGROUP   M=C:\BCC56\LIB\CW32.LIB|heap ACBP=A9
 0002:00097660 00000070 C=DATA    S=_DATA    G=DGROUP   M=C:\BCC56\LIB\CW32.LIB|predecl ACBP=A9
 0002:000976D0 000000A8 C=DATA    S=_DATA    G=DGROUP   M=C:\BCC56\LIB\CW32.LIB|stdexcpt ACBP=A9
 0002:00097764 00000004 C=DATA    S=_DATA    G=DGROUP   M=C:\BCC56\LIB\CW32.LIB|xx_xpf ACBP=A9
 0002:00097768 00000348 C=DATA    S=_DATA    G=DGROUP   M=C:\BCC56\LIB\CW32.LIB|xxtype ACBP=A9
 0002:00097AB0 0000003C C=DATA    S=_DATA    G=DGROUP   M=C:\BCC56\LIB\CW32.LIB|xxut ACBP=A9
 0002:00097AEC 000000E4 C=DATA    S=_DATA    G=DGROUP   M=C:\BCC56\LIB\CW32.LIB|xxv ACBP=A9
 0002:00097BD0 00000014 C=DATA    S=_DATA    G=DGROUP   M=C:\BCC56\LIB\CW32.LIB|except ACBP=A9
 0002:00097BE4 0000000C C=DATA    S=_DATA    G=DGROUP   M=C:\BCC56\LIB\CW32.LIB|__dup2 ACBP=A9
 0002:00097BF0 00000004 C=DATA    S=_DATA    G=DGROUP   M=C:\BCC56\LIB\CW32.LIB|_cfinfo ACBP=A9
 0002:00097BF4 00000004 C=DATA    S=_DATA    G=DGROUP   M=C:\BCC56\LIB\CW32.LIB|_umask ACBP=A9
 0002:00097BF8 00000004 C=DATA    S=_DATA    G=DGROUP   M=C:\BCC56\LIB\CW32.LIB|cfinfo ACBP=A9
 0002:00097BFC 000004B0 C=DATA    S=_DATA    G=DGROUP   M=C:\BCC56\LIB\CW32.LIB|files ACBP=A9
 0002:000980AC 000000CC C=DATA    S=_DATA    G=DGROUP   M=C:\BCC56\LIB\CW32.LIB|files2 ACBP=A9
 0002:00098178 00000004 C=DATA    S=_DATA    G=DGROUP   M=C:\BCC56\LIB\CW32.LIB|fmode ACBP=A9
 0002:0009817C 00000004 C=DATA    S=_DATA    G=DGROUP   M=C:\BCC56\LIB\CW32.LIB|fmodeptr ACBP=A9
 0002:00098180 0000012B C=DATA    S=_DATA    G=DGROUP   M=C:\BCC56\LIB\CW32.LIB|ioerror ACBP=A9
 0002:000982AC 0000000C C=DATA    S=_DATA    G=DGROUP   M=C:\BCC56\LIB\CW32.LIB|mkname ACBP=A9
 0002:000982B8 0000047C C=DATA    S=_DATA    G=DGROUP   M=C:\BCC56\LIB\CW32.LIB|perror ACBP=A9
[...]
 0002:0000008A  ___useDynamicTLS
 0002:0000008B  __TLS_index
 0002:0000008F  __TLS_index4
 0002:00000093  __hInstance
 0002:00000098  ___CPPdebugHook_segment
 0002:00000098  ___CPPdebugHook
 0002:0000009C  __PackageInfoTable
 0002:000000A4  d2_1
 0002:00002B60  d3_1
 0002:0000B5AC  d29_1
 0002:0000C380  d31_1
 0002:0000CE70  d33_1
 0002:000107EC  d35_1
 0002:00013CA4  d41_1
 0002:0001495C  d43_1
 0002:00015B20  d47_1
 0002:00016E0C  d49_1
 0002:0001778C  d53_1
 0002:0001A1AC  d55_1
 0002:0001A9D8  d69_1
 0002:0001B3D0  d73_1
 0002:0001EA78  d75_1
 0002:0001F018  d85_1
 0002:000201A0  d91_1
 0002:000217B0  d93_1
 0002:00021AF0  d95_1
 0002:00022290  d97_1
 0002:000226E0  d101_1
 0002:00023078  d107_1
 0002:00023EA0  d115_1
 0002:000248E8  d119_1
 0002:00026E4C  d129_1
 0002:000288CC  d131_1
 0002:00029A98  d139_1
 0002:0002D4D8  d141_1
 0002:0002F000  d145_1
 0002:00032524  d161_1
 0002:000329D4  d177_1
 0002:00032EA4  d179_1
 0002:000331E4  d181_1
 0002:00033710  d183_1
 0002:00036CBC  d185_1
 0002:00037E78  d187_1
 0002:00038E64  d191_1
 0002:000394D4  d193_1
 0002:0003A1C8  d195_1
 0002:0003B268  d197_1
 0002:0003C010  d199_1
 0002:0003C470  d201_1
 0002:0003D5BC  d203_1
 0002:00042B38  d207_1
 0002:00043ED0  d209_1
 0002:00045578  d221_1
 0002:00046494  d225_1
 0002:00046AD0  d233_1
 0002:00046D94  d279_1
 0002:0004833C  d285_1
 0002:00048B0C  d289_1
 0002:000492A0  d303_1
 0002:0004AF7C  d307_1
 0002:0004C100  d335_1
 0002:0004CEC8  d351_1
 0002:0004D158  d359_1
 0002:0004D38C  d361_1
 0002:00052A18  d367_1
 0002:0005471C  d369_1
 0002:0005E9D4  d373_1
 0002:000600A0  d375_1
 0002:00063CEC  d377_1
 0002:00064544  d379_1
 0002:0006C3D8  d381_1
 0002:0006ED4C  d387_1
 0002:000705C8  d389_1
 0002:000765F8  d397_1
 0002:0007B370  d403_1
 0002:0007B788  _hDLL
 0002:0007B8C4  d407_1
 0002:0007B8D8  __odtbl__ TActiveX::TActiveX(HWND__ *)
 0002:0007B8F8  __ectbl__ TActiveX::TActiveX(HWND__ *)
 0002:0007B924  __odtbl__ HB_FUN_CREATEACTIVEX()
 0002:0007B934  __ectbl__ HB_FUN_CREATEACTIVEX()
 0002:0007B954  @TActiveXEvent@3
 0002:0007B97C  @TActiveX@3
 0002:0007BB0C  @IDispatch@3
 0002:0007BB34  @IOleControlSite@3
 0002:0007BB68  @IOleInPlaceUIWindow@3
 0002:0007BB98  @IOleInPlaceFrame@3
 0002:0007BBE0  @IOleWindow@3
 0002:0007BC00  @IOleInPlaceSite@3
 0002:0007BC48  @IUnknown@3
 0002:0007BC60  @IOleClientSite@3
 0002:0007BC90  __ectbl__ __stdcall TActiveX::Release()
 0002:0007BC98  d427_1
 0002:0007BCA4  d429_1
 0002:0007BCB4  d431_1
 0002:0007BCB8  d435_1
 0002:0007D4D4  d437_1
 0002:0007D4DC  d439_1
 0002:0007D548  d447_1
 0002:0007D54C  d465_1
 0002:0007D554  d469_1
 0002:0007D55C  d473_1
 0002:0007D5F4  d475_1
 0002:0007D5F4  _regex
 0002:0007D87C  d479_1
 0002:0007D880  d481_1
 0002:0007DCC8  d499_1
 0002:0007DCCC  d503_1
 0002:0007DCD4  d517_1
 0002:0007DCD8  d535_1
 0002:0007DCF0  d539_1
 0002:0007DD00  d541_1
 0002:0007DD04  d545_1
 0002:0007DD14  d547_1
 0002:0007DD38  d549_1
 0002:0007DD5C  d551_1
 0002:0007DD60  _wLastKey
 0002:0007DD68  d557_1
 0002:0007DD90  d563_1
 0002:0007DD94  d569_1
 0002:0007DDA4  d571_1
 0002:0007DDB0  d575_1
 0002:0007DDB4  d581_1
 0002:0007DDC4  d583_1
 0002:0007DE64  d585_1
 0002:0007DE68  d591_1
 0002:0007DE6C  d595_1
 0002:0007DE70  d617_1
 0002:0007DF18  d621_1
 0002:0007DF20  d631_1
 0002:0007DFD0  d635_1
 0002:0007DFD4  d649_1
 0002:0007DFD8  d651_1
 0002:0007E17C  d655_1
 0002:0007E180  d665_1
 0002:0007E198  d667_1
 0002:0007E19C  d679_1
 0002:0007E1AC  d685_1
 0002:0007E1D4  d687_1
 0002:0007E1DC  d691_1
 0002:0007E1F4  d699_1
 0002:0007E1F8  d721_1
 0002:0007E390  d727_1
 0002:0007E3A4  d729_1
 0002:0007E3B8  d743_1
 0002:0007E3D0  d757_1
 0002:0007E418  d765_1
 0002:0007E42C  d777_1
 0002:0007E438  _bDbgBreak
 0002:0007E43C  _bDbgActive
 0002:0007E444  @std@exception@3
 0002:0007E458  d781_1
 0002:0007E4D4  d783_1
 0002:0007E4D8  d789_1
 0002:0007E4E4  d791_1
 0002:0007E4F4  d799_1
 0002:0007E6F4  _hb_uniTbl_437
 0002:0007E848  _hb_cdp_page
 0002:0007E858  d801_1
 0002:0007E860  d803_1
 0002:0007E864  d805_1
 0002:0007E89C  d809_1
 0002:0007E8AC  d811_1
 0002:0007E900  d821_1
 0002:0007E998  d837_1
 0002:0007E9B0  d839_1
 0002:0007E9B4  d845_1
 0002:0007EA78  d849_1
 0002:0007EA7C  d851_1
 0002:0007EA80  d855_1
 0002:0007EA9C  d877_1
 0002:0007EAFC  d887_1
 0002:0007EB1C  d889_1
 0002:0007ECF0  _s_defaultGT
 0002:0007EDB8  d891_1
 0002:0007EDDC  d897_1
 0002:0007EDE0  d905_1
 0002:0007EE0C  d909_1
 0002:0007EE20  _hb_vm_bCollectGarbage
 0002:0007EE24  d911_1
 0002:0007EE30  d919_1
 0002:0007EE90  d921_1
 0002:0007EE98  d923_1
 0002:0007EE9C  d927_1
 0002:0007EFF0  d931_1
 0002:0007EFF4  d933_1
 0002:0007EFFC  d959_1
 0002:0007F000  d961_1
 0002:0007F004  d963_1
 0002:0007F008  d965_1
 0002:0007F0E8  d969_1
 0002:0007F108  d975_1
 0002:0007F1F4  d977_1
 0002:0007F200  d979_1
 0002:0007F204  d981_1
 0002:0007F210  d990_1
 0002:0007F218  d992_1
 0002:0007F218  _hb_set_ptr
 0002:0007F2C0  d998_1
 0002:0007F2C4  d1012_1
 0002:0007F2CC  d1014_1
 0002:0007F2D0  d1016_1
 0002:0007F2D4  d1020_1
 0002:0007F2E0  d1022_1
 0002:0007F2E4  d1030_1
 0002:0007F2F0  d1032_1
 0002:0007F2FC  d1034_1
 0002:0007F300  d1036_1
 0002:0007F308  d1040_1
 0002:0007F3C8  d1042_1
 0002:0007F3F8  d1044_1
 0002:0007F57C  d1046_1
 0002:0007F58C  d1048_1
 0002:0007F598  d1050_1
 0002:0007F5A0  d1052_1
 0002:0007F5A4  d1056_1
 0002:0007F5B0  d1058_1
 0002:0007F608  d1060_1
 0002:0007F610  d1062_1
 0002:0007F618  d1064_1
 0002:0007F61C  d1083_1
 0002:000805D8  d1121_1
 0002:000806B0  d1127_1
 0002:000817BC  d1161_1
 0002:0008305C  d1165_1
 0002:000835FC  d1167_1
 0002:00089E80  d1169_1
 0002:0008A234  d1177_1
 0002:0008AE7C  d1181_1
 0002:0008B334  d1211_1
 0002:0008B360  d1213_1
 0002:0008B52C  d1219_1
 0002:0008B558  _hb_cls_uiArrayClass
 0002:0008B55A  _hb_cls_uiBlockClass
 0002:0008B55C  _hb_cls_uiCharacterClass
 0002:0008B55E  _hb_cls_uiDateClass
 0002:0008B560  _hb_cls_uiLogicalClass
 0002:0008B562  _hb_cls_uiNilClass
 0002:0008B564  _hb_cls_uiNumericClass
 0002:0008B566  _hb_cls_uiPointerClass
 0002:0008B568  _hb_cls_uiHashClass
 0002:0008BA60  d1221_1
 0002:0008BA8C  d1223_1
 0002:0008BA98  _hb_hInstance
 0002:0008BA9C  _hb_hPrevInstance
 0002:0008BAA0  _hb_iCmdShow
 0002:0008BAA4  _s_WinMainParam
 0002:0008BB70  d1225_1
 0002:0008BBA4  d1229_1
 0002:0008BBDC  d1235_1
 0002:0008BBF8  d1237_1
 0002:0008BBF8  _hb_errFuncName
 0002:0008BE38  d1239_1
 0002:0008BE38  _hb_stack_ptr
 0002:0008BE3C  _hb_stack_ready
 0002:0008BFCC  d1241_1
 0002:0008BFE8  d1243_1
 0002:0008BFF0  d1245_1
 0002:0008BFF4  d1249_1
 0002:0008C000  _hb_gc_bReleaseAll
 0002:0008C038  d1251_1
 0002:0008C360  d1253_1
 0002:0008C440  d1255_1
 0002:0008C444  _pHVMFuncService
 0002:0008C448  _hb_bProfiler
 0002:0008C44C  _hb_bTracePrgCalls
 0002:0008C450  _hb_symEval
 0002:0008C484  _hb_vm_sNull
 0002:0008C488  _hb_vm_bQuitRequest
 0002:0008C48C  _hb_vm_iTry
 0002:0008C490  _hb_vm_BreakBlock
 0002:0008CED0  d1261_1
 0002:0008D438  d1263_1
 0002:0008D46C  d1265_1
 0002:0008D514  d1267_1
 0002:0008D514  _hb_comp_bShortCuts
 0002:0008D53C  d1273_1
 0002:0008D544  d1275_1
 0002:0008D670  d1281_1
 0002:0008D6CC  d1289_1
 0002:0008D6D4  d1291_1
 0002:0008DB24  d1317_1
 0002:0008E4AC  d1405_1
 0002:00091588  d1407_1
 0002:000915C8  d1409_1
 0002:000915C8  _hb_comp_ExprTable
 0002:00091738  d1413_1
 0002:00091774  _yytext
 0002:0009183C  _aPairs
 0002:00092420  d1415_1
 0002:000926B4  d1417_1
 0002:0009288C  d1419_1
 0002:000928FC  d1421_1
 0002:0009293C  d1423_1
 0002:00092B50  d1451_1
 0002:00092E50  d1453_1
 0002:00092EB8  d1611_1
 0002:00093350  d1613_1
 0002:000935CC  d1643_1
 0002:000935D4  d1649_1
 0002:000935D4  _hb_szAscii
 0002:00093C5C  d1651_1
 0002:00093C5C  _hb_tr_file_
 0002:00093C60  _hb_tr_line_
 0002:00093C64  _hb_tr_level_
 0002:00093D1C  d1653_1
 0002:00094D64  d1655_1
 0002:00094F20  d1659_1
 0002:0009517C  d1661_1
 0002:00095204  __pcre_default_tables
 0002:00095204  d1673_0
 0002:00095644  d1675_1
 0002:00096284  d1681_1
 0002:00096290  d1687_0
 0002:00096290  _pcre_malloc
 0002:00096294  _pcre_free
 0002:00096298  _pcre_stack_malloc
 0002:0009629C  _pcre_stack_free
 0002:000962A0  _pcre_callout
 0002:000962A4  __pcre_OP_lengths
 0002:000962A4  d1701_0
 0002:00096314  d1713_1
 0002:000965A8  d1715_1
 0002:00097494  d1731_1
 0002:000974DC  @std@bad_alloc@3
 0002:000974F0  d1735_1
 0002:00097564  d1755_1
 0002:00097568  d1757_1
 0002:00097600  d1767_1
 0002:00097604  __heap_redirector
 0002:00097620  __virt_heap_size
 0002:00097620  d1773_1
 0002:00097624  __virt_chunk_size
 0002:00097628  __virt_chunk_size2
 0002:0009762C  __nv_heap_size
 0002:00097630  __smalloc_threshold
 0002:00097634  __virt_chunk_free
 0002:00097638  __virt_chunk_free2
 0002:0009763C  __firstHeap
 0002:00097640  __lastHeap
 0002:00097644  __linktable
 0002:00097648  __freeStart
 0002:00097654  __rover
 0002:0009765C  ___allocated
 0002:00097660  d1801_1
 0002:00097698  __ectbl__ std::bad_typeid::~bad_typeid()
 0002:000976A0  __ectbl__ std::bad_cast::~bad_cast()
 0002:000976A8  @std@bad_typeid@3
 0002:000976BC  @std@bad_cast@3
 0002:000976D0  __rwstd::__rw_stdexcept_NoNamedException
 0002:000976D0  d1862_1
 0002:000976D4  __rwstd::__rw_stdexcept_BadException
 0002:000976D8  __rwstd::__rw_stdexcept_BadAllocException
 0002:000976DC  __rwstd::__rw_stdexcept_Error
 0002:00097740  __odtbl__ std::bad_alloc::~bad_alloc()
 0002:00097750  __ectbl__ std::bad_alloc::~bad_alloc()
 0002:00097764  ___xxPersonality
 0002:00097764  d2062_0
 0002:00097768  d2064_1
 0002:00097A88  __ectbl__ __GetTypeInfo(void *, void *, void *)
 0002:00097A90  @type_info_hash@3
 0002:00097AA0  @std@type_info@3
 0002:00097AB0  d2066_1
 0002:00097AB0  ___terminatePTR
 0002:00097AB4  ___unexpectdPTR
 0002:00097AB8  __chtbl__ std::terminate()
 0002:00097AD8  __ectbl__ std::terminate()
 0002:00097AEC  ___CPPexceptionList
 0002:00097AEC  d2068_1
 0002:00097AF0  ___exceptFlags
 0002:00097AF4  ___throwFileName
 0002:00097AF8  ___throwLineNumber
 0002:00097AFC  ___throwExceptionName
 0002:00097B00  ___exceptStaticBuffP
 0002:00097B04  ___exceptMemAllocVars
 0002:00097B08  ___ExceptStaticXbuff
 0002:00097B88  __ExceptVarsSize
 0002:00097B9C  __chtbl__ __call_terminate()
 0002:00097BBC  __ectbl__ __call_terminate()
 0002:00097BD0  d2074_1
 0002:00097BD0  __stkchk
 0002:00097BE4  d2090_1
 0002:00097BF0  __cfinfo_get
 0002:00097BF0  d2110_1
 0002:00097BF4  __notUmask
 0002:00097BF4  d2164_1
 0002:00097BF8  d2190_0
 0002:00097BF8  __fileinfo
 0002:00097BFC  __streams
 0002:00097BFC  d2260_0
 0002:000980AC  d2262_0
 0002:000980AC  __nfile
 0002:000980B0  __openfd
 0002:00098178  d2272_0
 0002:00098178  __fmode
 0002:0009817C  __fmodeptr
 0002:0009817C  d2274_1
 0002:00098180  __dosErrorToSV
 0002:00098180  d2339_1
 0002:000982AC  d2362_1
 0002:000982B8  __sys_errlist
 0002:000982B8  d2370_1
 0002:0009837C  __sys_nerr
 0002:00098734  d2433_1
 0002:0009874C  d2465_1
 0002:000987C4  d2545_0
 0002:000987C4  __chartype
 0002:000989C8  __lower
 0002:000989C8  d2551_0
 0002:00098AC8  d2555_0
 0002:00098AC8  __upper
 0002:00098BC8  d2574_0
 0002:00098BC8  _CMonetary
 0002:00098BFC  _CNumeric
 0002:00098C14  _CTimeDate
 0002:00098CD8  _CLOCALE
 0002:00098D04  ___locale
 0002:00098E28  d2702_1
 0002:00098E38  d2708_1
 0002:00098EF8  d2763_1
 0002:00098EF8  __realcvtptr
 0002:00098EFC  __nextrealptr
 0002:00098F00  __scantodptr
 0002:00098F04  __scanrsltptr
 0002:00098F60  d2765_1
 0002:00098F60  __realcvtwptr
 0002:00098F64  __nextrealwptr
 0002:00098F68  __scanwtodptr
 0002:00098F6C  __scanwrsltptr
 0002:00098FC8  __default87
 0002:00098FC8  d2767_0
 0002:00098FCC  d2773_1
 0002:00098FD8  d2781_1
 0002:00098FEC  d2783_1
 0002:00099004  __huge_flt
 0002:00099004  d2821_0
 0002:00099008  __huge_dble
 0002:00099010  __huge_ldble
 0002:0009901A  __max_flt
 0002:0009901E  __max_dble
 0002:00099026  __max_ldble
 0002:00099030  __indefinite
 0002:00099034  __tiny_ldble
 0002:00099040  ___ieee_64_p_inf
 0002:00099048  ___ieee_64_n_inf
 0002:00099050  ___ieee_64_p_nanq
 0002:00099058  ___ieee_64_n_nanq
 0002:00099060  ___ieee_64_p_nans
 0002:00099068  ___ieee_64_n_nans
 0002:00099070  ___ieee_64_p_zero
 0002:00099078  ___ieee_64_n_zero
 0002:00099080  d2831_0
 0002:00099080  __turboFloat
 0002:00099084  __floatconvert
 0002:00099088  d2845_1
 0002:00099094  __pmatherr
 0002:00099094  d2869_1
 0002:00099098  __pmatherrl
 0002:0009909C  __mathwhy
 0002:0009909C  d2873_0
 0002:000990E0  d2883_1
 0002:000990FC  d2895_1
 0002:00099104  d2897_1
 0002:00099118  d2899_1
 0002:00099140  d2906_1
 0002:00099168  d2908_1
 0002:00099190  d2918_1
 0002:000991A0  d2966_1
 0002:000991A0  __kalpha
 0002:000991A2  __kpunct
 0002:000991E8  d3102_1
 0002:0009920C  d3118_1
 0002:00099230  d3120_1
 0002:00099230  _errno
 0002:00099234  __messagefunc
 0002:00099234  d3122_1
 0002:00099238  __messagefile
 0002:00099244  d3130_1
 0002:0009926C  d3132_1
 0002:0009928C  d3149_1
 0002:000992AC  ___pCallAtExitProcs
 0002:000992AC  d3151_0
 0002:000992B0  d3187_1
 0002:000992B0  __exitbuf
 0002:000992B4  __exitfopen
 0002:000992B8  __exitopen
 0002:000992BC  __setargv_ptr
 0002:000992BC  d3207_0
 0002:000992C0  __exitargv_ptr
 0002:000992C4  d3209_0
 0002:000992C4  __wsetargv_ptr
 0002:000992C8  __wexitargv_ptr
 0002:000992CC  d3211_1
 0002:000992CC  __setargv__
 0002:00099320  d3213_1
 0002:00099320  __cmdline_escapes
 0002:00099348  d3215_1
 0002:0009936C  d3268_0
 0002:0009936C  __argv_expand_ptr
 0002:00099370  __wargv_expand_ptr
 0002:00099370  d3270_0
 0002:00099374  d3272_1
 0002:00099374  __argv0
 0002:00099394  __setenvp__
 0002:00099394  d3286_1
 0002:000993E8  d3290_1
 0002:00099448  __isWindows
 0002:00099448  d3308_0
 0002:0009944C  d3309_1
 0002:00099450  d3339_0
 0002:00099450  __SWeekday
 0002:0009946C  __LWeekday
 0002:00099488  __SMonth
 0002:000994B8  __LMonth
 0002:000994E8  __AmPm
 0002:000994F0  __Days
 0002:000994FC  __YDays
 0002:00099614  __timezone
 0002:00099614  d3345_1
 0002:00099618  __daylight
 0002:0009961C  __tzname
 0002:0009961C  d3347_1
 0002:0009962C  d3353_1
 0002:00099630  d3403_1
 0002:00099630  ___debuggerDisableTerminateCallback
 0002:00099EBC  d3554_0
 0002:00099EBC  _GUID_NULL
 0002:00099ECC  _IID_IUnknown
 0002:00099EDC  _IID_IDispatch
 0002:00099EEC  _IID_IPersistStreamInit
 0002:00099EFC  _IID_IOleControlSite
 0002:00099F0C  _IID_IProvideClassInfo2
 0002:00099F1C  _IID_IConnectionPointContainer
 0002:00099F2C  _IID_IOleInPlaceSite
 0002:00099F3C  _IID_IOleInPlaceObject
 0002:00099F4C  _IID_IOleInPlaceFrame
 0002:00099F5C  _IID_IOleInPlaceUIWindow
 0002:00099F6C  _IID_IOleWindow
 0002:00099F7C  _IID_IOleObject
 0002:00099F8C  _IID_IOleClientSite
 0003:00000000  b2_2
 0003:00000024  b3_2
 0003:00000048  b29_2
 0003:0000006C  b31_2
 0003:00000090  b33_2
 0003:000000B4  b35_2
 0003:000000D8  b41_2
 0003:000000FC  b43_2
 0003:00000120  b47_2
 0003:00000144  b49_2
 0003:00000168  b53_2
 0003:0000018C  b55_2
 0003:000001B0  b69_2
 0003:000001D4  b73_2
 0003:000001F8  b75_2
 0003:0000021C  b85_2
 0003:00000240  b91_2
 0003:00000264  b93_2
 0003:00000288  b95_2
 0003:000002AC  b97_2
 0003:000002D0  b101_2
 0003:000002F4  b107_2
 0003:00000318  b115_2
 0003:0000033C  b119_2
 0003:00000360  b129_2
 0003:00000384  b131_2
 0003:000003A8  b139_2
 0003:000003CC  b141_2
 0003:000003F0  b145_2
 0003:00000414  b161_2
 0003:00000438  b177_2
 0003:0000045C  b179_2
 0003:00000480  b181_2
 0003:000004A4  b183_2
 0003:000004C8  b185_2
 0003:000004EC  b187_2
 0003:00000510  b191_2
 0003:00000534  b193_2
 0003:00000558  b195_2
 0003:0000057C  b197_2
 0003:000005A0  b199_2
 0003:000005C4  b201_2
 0003:000005E8  b203_2
 0003:0000060C  b207_2
 0003:00000630  b209_2
 0003:00000654  b221_2
 0003:00000678  b225_2
 0003:0000069C  b233_2
 0003:000006C0  b279_2
 0003:000006E4  b285_2
 0003:00000708  b289_2
 0003:0000072C  b303_2
 0003:00000750  b307_2
 0003:00000774  b335_2
 0003:00000798  b351_2
 0003:000007BC  b359_2
 0003:000007E0  b361_2
 0003:00000804  b367_2
 0003:00000828  b369_2
 0003:0000084C  b373_2
 0003:00000870  b375_2
 0003:00000894  b377_2
 0003:000008B8  b379_2
 0003:000008DC  b381_2
 0003:00000900  b387_2
 0003:00000924  b389_2
 0003:00000948  b397_2
 0003:0000096C  b403_2
 0003:00000990  _pHTMLHelp
 0003:00000994  b437_2
 0003:000009E8  b475_2
 0003:00000AF0  b503_2
 0003:00000C80  b535_2
 0003:00000D28  b557_2
 0003:00000D2C  b575_2
 0003:00000DCC  b609_1
 0003:00000E44  b631_2
 0003:00000F84  b651_2
 0003:00000FBC  b655_2
 0003:00000FC4  b665_2
 0003:00001008  b685_2
 0003:00001014  b765_2
 0003:00001334  b773_1
 0003:00001338  b805_2
 0003:0000133C  b821_2
 0003:00001354  b837_2
 0003:0000155C  b861_1
 0003:00001564  b889_2
 0003:00001670  b919_2
 0003:00001770  b992_2
 0003:00001770  _hb_set
 0003:00001ADC  _s_PrintFileName
 0003:00001BDC  _s_PrinterName
 0003:00001CDC  _s_isDefaultPrinterDevice
 0003:00001CE0  b1002_1
 0003:00001CE4  b1058_2
 0003:00001D08  b1064_2
 0003:00001D0C  b1083_2
 0003:00001D30  b1121_2
 0003:00001D54  b1127_2
 0003:00001D78  b1161_2
 0003:00001D9C  b1165_2
 0003:00001DC0  b1167_2
 0003:00001DE4  b1169_2
 0003:00001E08  b1177_2
 0003:00001E2C  b1181_2
 0003:00001E50  b1223_2
 0003:00001E74  b1237_2
 0003:00001E7C  b1239_2
 0003:00001E7C  _hb_stackST
 0003:00003404  b1245_2
 0003:00003424  b1247_1
 0003:00003628  b1253_2
 0003:000037B0  _hb_ulOpcodesCalls
 0003:000037B0  b1255_2
 0003:00003A7C  _hb_ulOpcodesTime
 0003:00003D90  b1273_2
 0003:00004090  b1291_2
 0003:000040B4  b1405_2
 0003:000040F8  b1413_2
 0003:000041C0  _yyleng
 0003:000041CC  _yyin
 0003:00008BD8  b1423_2
 0003:00008D88  b1451_2
 0003:00008DAC  b1453_2
 0003:00008DD0  b1611_2
 0003:00008F84  b1613_2
 0003:00009134  b1715_2
 0003:000092E4  b1735_2
 0003:000092E4  __new_handler
 0003:000092E8  ___bad_alloc
 0003:000092EC  b1757_2
 0003:000092EC  __bormm_pfn_FreeMem
 0003:000092F0  __bormm_pfn_GetMem
 0003:000092F4  __bormm_pfn_ReallocMem
 0003:000092F8  __bormm_pfn_HeapAddRef
 0003:000092FC  __bormm_pfn_HeapRelease
 0003:00009304  b1801_2
 0003:0000930C  b2064_2
 0003:00009714  __DestructorCountPtr
 0003:00009714  b2068_2
 0003:0000971C  b2074_2
 0003:0000971C  __HandlerPtr
 0003:00009720  __UserHandlerPtr
 0003:00009724  b2262_1
 0003:00009724  __pidtab
 0003:000097EC  __handles
 0003:000098B4  b2339_2
 0003:000098B4  __doserrno
 0003:000098B8  b2345_1
 0003:000098BC  b2362_2
 0003:000098BC  __tmpnum
 0003:000098CC  __mbctype
 0003:000098CC  b2966_2
 0003:000099D0  __mbcsCodePage
 0003:000099D4  b3102_2
 0003:00009AD4  b3118_2
 0003:00009AF0  b3130_2
 0003:00009AF0  __ostype
 0003:00009AF4  b3134_1
 0003:00009AFC  b3211_2
 0003:00009AFC  __argv
 0003:00009B08  b3213_2
 0003:00009B0C  b3215_2
 0003:00009B10  __environ
 0003:00009B10  b3286_2
 0003:00009B18  __envsize
 0003:00009B1C  __env_lock
 0003:00009B20  b3308_1
 0003:00009B20  __C0argc
 0003:00009B24  __C0argv
 0003:00009B28  __C0environ
 0003:00009B2C  __oscmd
 0003:00009B30  __osenv
 0003:00009B34  __argc
 0003:00009B38  __dll_table
 0003:00009B40  __ExcRegPtr
 0003:00009B44  __wosenv
 0003:00009B48  __woscmd
 0003:00009B4C  __wC0argv
 0003:00009B50  __wC0environ
 0003:00009B54  __exe_table
 0003:00009B5C  __stkbase
 0003:00009B60  b3347_2
 0003:00009B68  b3403_2
 0003:00009B6C  ___pCPPdebugHook
 0004:00000000  t2068_3
 0004:00000000  ___xxInfo
